Archive member included to satisfy reference by file (symbol)

C:/devkitPro/devkitARM/bin/../lib/gcc/arm-none-eabi/15.1.0/thumb\libgcc.a(_aeabi_ldivmod.o)
                              bn_hw_text.o (__aeabi_ldivmod)
C:/devkitPro/devkitARM/bin/../lib/gcc/arm-none-eabi/15.1.0/thumb\libgcc.a(_aeabi_uldivmod.o)
                              bn_hw_text.o (__aeabi_uldivmod)
C:/devkitPro/devkitARM/bin/../lib/gcc/arm-none-eabi/15.1.0/thumb\libgcc.a(_sync_none.o)
                              (__sync_synchronize_none)
C:/devkitPro/devkitARM/bin/../lib/gcc/arm-none-eabi/15.1.0/thumb\libgcc.a(_udivmoddi4.o)
                              C:/devkitPro/devkitARM/bin/../lib/gcc/arm-none-eabi/15.1.0/thumb\libgcc.a(_aeabi_ldivmod.o) (__udivmoddi4)

Discarded input sections

 .text          0x00000000        0x0 C:/devkitPro/devkitARM/bin/../lib/gcc/arm-none-eabi/15.1.0/../../../../arm-none-eabi/lib/thumb/gba_crt0.o
 .data          0x00000000        0x0 C:/devkitPro/devkitARM/bin/../lib/gcc/arm-none-eabi/15.1.0/../../../../arm-none-eabi/lib/thumb/gba_crt0.o
 .bss           0x00000000        0x0 C:/devkitPro/devkitARM/bin/../lib/gcc/arm-none-eabi/15.1.0/../../../../arm-none-eabi/lib/thumb/gba_crt0.o
 .text          0x00000000        0x0 C:/devkitPro/devkitARM/bin/../lib/gcc/arm-none-eabi/15.1.0/thumb/crti.o
 .data          0x00000000        0x0 C:/devkitPro/devkitARM/bin/../lib/gcc/arm-none-eabi/15.1.0/thumb/crti.o
 .bss           0x00000000        0x0 C:/devkitPro/devkitARM/bin/../lib/gcc/arm-none-eabi/15.1.0/thumb/crti.o
 .text          0x00000000        0x0 C:/devkitPro/devkitARM/bin/../lib/gcc/arm-none-eabi/15.1.0/thumb/crtbegin.o
 .data          0x00000000        0x0 C:/devkitPro/devkitARM/bin/../lib/gcc/arm-none-eabi/15.1.0/thumb/crtbegin.o
 .bss           0x00000000        0x0 C:/devkitPro/devkitARM/bin/../lib/gcc/arm-none-eabi/15.1.0/thumb/crtbegin.o
 .rodata.all_implied_fbits
                0x00000000       0x24 C:/devkitPro/devkitARM/bin/../lib/gcc/arm-none-eabi/15.1.0/thumb/crtbegin.o
 .text          0x00000000        0x0 bn_audio_soundbank.bin.o
 .data          0x00000000        0x0 bn_audio_soundbank.bin.o
 .bss           0x00000000        0x0 bn_audio_soundbank.bin.o
 .text          0x00000000        0x0 bird_bn_gfx.o
 .data          0x00000000        0x0 bird_bn_gfx.o
 .bss           0x00000000        0x0 bird_bn_gfx.o
 .text          0x00000000        0x0 blue_sprite_bn_gfx.o
 .data          0x00000000        0x0 blue_sprite_bn_gfx.o
 .bss           0x00000000        0x0 blue_sprite_bn_gfx.o
 .rodata        0x00000000      0x820 blue_sprite_bn_gfx.o
 .text          0x00000000        0x0 pipe_bn_gfx.o
 .data          0x00000000        0x0 pipe_bn_gfx.o
 .bss           0x00000000        0x0 pipe_bn_gfx.o
 .text          0x00000000        0x0 pipedown_bn_gfx.o
 .data          0x00000000        0x0 pipedown_bn_gfx.o
 .bss           0x00000000        0x0 pipedown_bn_gfx.o
 .text          0x00000000        0x0 variable_8x16_font_bn_gfx.o
 .data          0x00000000        0x0 variable_8x16_font_bn_gfx.o
 .bss           0x00000000        0x0 variable_8x16_font_bn_gfx.o
 .group         0x00000000        0xc main.o
 .group         0x00000000        0xc main.o
 .group         0x00000000        0xc main.o
 .group         0x00000000        0xc main.o
 .group         0x00000000        0xc main.o
 .text          0x00000000        0x0 main.o
 .data          0x00000000        0x0 main.o
 .bss           0x00000000        0x0 main.o
 .text._ZN3_bn6assert9show_argsIJA16_ciA4_ciEEEvPKcS5_S5_iDpRKT_
                0x00000000       0x64 main.o
 .bss.score     0x00000000        0x4 main.o
 .data.gravity  0x00000000        0x4 main.o
 .bss.velocity  0x00000000        0x4 main.o
 .text          0x00000000        0x0 pipe.o
 .data          0x00000000        0x0 pipe.o
 .bss           0x00000000        0x0 pipe.o
 .text._ZN4Pipe22get_collision_rect_topEv
                0x00000000       0x14 pipe.o
 .text._ZN4Pipe25get_collision_rect_bottomEv
                0x00000000       0x14 pipe.o
 .text._ZN4Pipe24get_collision_rect_scoreEv
                0x00000000       0x14 pipe.o
 .text._ZN4Pipe22disable_score_colliderEv
                0x00000000        0x8 pipe.o
 .text._ZN4Pipe14get_is_enabledEv
                0x00000000        0x8 pipe.o
 .text._ZN4Pipe14set_is_enabledEb
                0x00000000        0x8 pipe.o
 .text          0x00000000        0x0 player.o
 .data          0x00000000        0x0 player.o
 .bss           0x00000000        0x0 player.o
 .text._ZNK6Player8positionEv
                0x00000000       0x18 player.o
 .text._ZN6Player12set_positionEN2bn7fixed_tILi12EEES2_
                0x00000000        0xc player.o
 .text._ZN6Player18get_collision_rectEv
                0x00000000       0x14 player.o
 .group         0x00000000        0xc bn_affine_bg_animate_actions.o
 .group         0x00000000        0xc bn_affine_bg_animate_actions.o
 .group         0x00000000        0xc bn_affine_bg_animate_actions.o
[...]
Memory Configuration

Name             Origin             Length             Attributes
rom              0x08000000         0x02000000
iwram            0x03000000         0x00008000
ewram            0x02000000         0x00040000
*default*        0x00000000         0xffffffff

Linker script and memory map

                0x00000000                        __sync_synchronize = __sync_synchronize_none
                0x08000000                        __text_start = ORIGIN (rom)
                0x02040000                        __eheap_end = (ORIGIN (ewram) + LENGTH (ewram))
                0x03000000                        __iwram_start = ORIGIN (iwram)
                0x03008000                        __iwram_top = (ORIGIN (iwram) + LENGTH (iwram))
                0x03007fa0                        __sp_irq = (__iwram_top - 0x60)
                0x03007f00                        __sp_usr = (__sp_irq - 0xa0)
                0x03007ff8                        __irq_flags = 0x3007ff8
                0x08000000                        . = __text_start

.crt0           0x08000000      0x210
 *(.crt0)
 .crt0          0x08000000      0x210 C:/devkitPro/devkitARM/bin/../lib/gcc/arm-none-eabi/15.1.0/../../../../arm-none-eabi/lib/thumb/gba_crt0.o
                0x08000000                _start
                0x080000c4                __boot_method
                0x080000c5                __slave_number
                0x080000e0                start_vector
                0x08000210                        . = ALIGN (0x4)

.init           0x08000210        0xc
 *(SORT_NONE(.init))
 .init          0x08000210        0x4 C:/devkitPro/devkitARM/bin/../lib/gcc/arm-none-eabi/15.1.0/thumb/crti.o
                0x08000210                _init
 .init          0x08000214        0x8 C:/devkitPro/devkitARM/bin/../lib/gcc/arm-none-eabi/15.1.0/thumb/crtn.o

.plt            0x0800021c        0x0
 *(.plt)
                0x0800021c                        . = ALIGN (0x4)

.text           0x08000220    0x10a20
 *(EXCLUDE_FILE(*.iwram*) .text*)
 .text.__do_global_dtors_aux
                0x08000220       0x2c C:/devkitPro/devkitARM/bin/../lib/gcc/arm-none-eabi/15.1.0/thumb/crtbegin.o
 .text.frame_dummy
                0x0800024c       0x24 C:/devkitPro/devkitARM/bin/../lib/gcc/arm-none-eabi/15.1.0/thumb/crtbegin.o
 .text._ZN2bn6vectorI4PipeLi4EED2Ev
                0x08000270       0x2c main.o
                0x08000270                bn::vector<Pipe, 4>::~vector()
                0x08000270                bn::vector<Pipe, 4>::~vector()
 .text._Z10randomPipev
                0x0800029c       0x98 main.o
                0x0800029c                randomPipe()
 .text.startup.main
                0x08000334      0x310 main.o
                0x08000334                main
 .text.startup._GLOBAL__sub_I_velocity
                0x08000644       0x2c main.o
 .text._ZN4PipeC2EN2bn10sprite_ptrES1_NS0_7fixed_tILi12EEES3_
                0x08000670       0xac pipe.o
                0x08000670                Pipe::Pipe(bn::sprite_ptr, bn::sprite_ptr, bn::fixed_t<12>, bn::fixed_t<12>)
                0x08000670                Pipe::Pipe(bn::sprite_ptr, bn::sprite_ptr, bn::fixed_t<12>, bn::fixed_t<12>)
 .text._ZN4Pipe6updateEv
                0x0800071c       0x54 pipe.o
                0x0800071c                Pipe::update()
 .text._ZN6PlayerC2EN2bn10sprite_ptrE
                0x08000770       0x2c player.o
                0x08000770                Player::Player(bn::sprite_ptr)
                0x08000770                Player::Player(bn::sprite_ptr)
 .text._ZN6Player6updateEv
                0x0800079c       0x4c player.o
                0x0800079c                Player::update()
 .text._ZN2bn13ostringstream11append_argsIiJA4_ciEEEvRKT_DpRKT0_.isra.0
                0x080007e8       0x24 bn_affine_bg_animate_actions.o
 .text._ZN3_bn6assert9show_argsIA15_cEEvPKcS4_S4_iRKT_
                0x0800080c       0x48 bn_affine_bg_animate_actions.o
                0x0800080c                void _bn::assert::show_args<char [15]>(char const*, char const*, char const*, int, char const (&) [15])
 .text._ZN3_bn6assert9show_argsIA24_ciEEvPKcS4_S4_iRKT_RKT0_
                0x08000854       0x54 bn_affine_bg_animate_actions.o
                0x08000854                void _bn::assert::show_args<char [24], int>(char const*, char const*, char const*, int, char const (&) [24], int const&)
 .text._ZN3_bn6assert9show_argsIJA19_ciA4_ciEEEvPKcS5_S5_iDpRKT_
                0x080008a8       0x58 bn_affine_bg_animate_actions.o
                0x080008a8                void _bn::assert::show_args<char [19], int, char [4], int>(char const*, char const*, char const*, int, char const (&) [19], int const&, char const (&) [4], int const&)
 .text._ZN2bn13audio_manager4initEv
                0x08000900       0x60 bn_audio_manager.bn_noflto.o
                0x08000900                bn::audio_manager::init()
 .text._ZN2bn13audio_manager7disableEv
                0x08000960       0x10 bn_audio_manager.bn_noflto.o
                0x08000960                bn::audio_manager::disable()
 .text._ZN2bn13audio_manager10sound_dataEt
                0x08000970       0x6c bn_audio_manager.bn_noflto.o
                0x08000970                bn::audio_manager::sound_data(unsigned short)
 .text._ZN2bn13audio_manager6updateEv
                0x080009dc       0x18 bn_audio_manager.bn_noflto.o
                0x080009dc                bn::audio_manager::update()
 .text._ZN2bn13audio_manager13vblank_commitEv
                0x080009f4       0x2c bn_audio_manager.bn_noflto.o
                0x080009f4                bn::audio_manager::vblank_commit()
 .text._ZN2bn13audio_manager14delayed_commitEv
                0x08000a20       0x34 bn_audio_manager.bn_noflto.o
                0x08000a20                bn::audio_manager::delayed_commit()
 .text._ZN2bn13audio_manager4stopEv
                0x08000a54       0x78 bn_audio_manager.bn_noflto.o
                0x08000a54                bn::audio_manager::stop()
 .text._ZN3_bn6assert9show_argsIA18_ciEEvPKcS4_S4_iRKT_RKT0_
                0x08000acc       0x54 bn_audio_manager.bn_noflto.o
                0x08000acc                void _bn::assert::show_args<char [18], int>(char const*, char const*, char const*, int, char const (&) [18], int const&)
 .text._ZN3_bn6assert9show_argsIA14_ciEEvPKcS4_S4_iRKT_RKT0_
                0x08000b20       0x54 bn_audio_manager.bn_noflto.o
                0x08000b20                void _bn::assert::show_args<char [14], int>(char const*, char const*, char const*, int, char const (&) [14], int const&)
 .text._ZN3_bn6assert9show_argsIA26_ciEEvPKcS4_S4_iRKT_RKT0_
                0x08000b74       0x54 bn_audio_manager.bn_noflto.o
                0x08000b74                void _bn::assert::show_args<char [26], int>(char const*, char const*, char const*, int, char const (&) [26], int const&)
 .text._ZN3_bn6assert9show_argsIA33_cEEvPKcS4_S4_iRKT_
                0x08000bc8       0x48 bn_audio_manager.bn_noflto.o
                0x08000bc8                void _bn::assert::show_args<char [33]>(char const*, char const*, char const*, int, char const (&) [33])
 .text._ZN3_bn6assert9show_argsIA25_cEEvPKcS4_S4_iRKT_
                0x08000c10       0x48 bn_audio_manager.bn_noflto.o
                0x08000c10                void _bn::assert::show_args<char [25]>(char const*, char const*, char const*, int, char const (&) [25])
 .text._ZN3_bn6assert9show_argsIA20_cEEvPKcS4_S4_iRKT_
                0x08000c58       0x48 bn_audio_manager.bn_noflto.o
                0x08000c58                void _bn::assert::show_args<char [20]>(char const*, char const*, char const*, int, char const (&) [20])
 .text._ZN3_bn6assert9show_argsIA26_cEEvPKcS4_S4_iRKT_
                0x08000ca0       0x48 bn_audio_manager.bn_noflto.o
                0x08000ca0                void _bn::assert::show_args<char [26]>(char const*, char const*, char const*, int, char const (&) [26])
 .text._ZN3_bn6assert9show_argsIA21_cEEvPKcS4_S4_iRKT_
                0x08000ce8       0x48 bn_audio_manager.bn_noflto.o
                0x08000ce8                void _bn::assert::show_args<char [21]>(char const*, char const*, char const*, int, char const (&) [21])
 .text._ZN3_bn6assert9show_argsIA22_cEEvPKcS4_S4_iRKT_
                0x08000d30       0x48 bn_audio_manager.bn_noflto.o
                0x08000d30                void _bn::assert::show_args<char [22]>(char const*, char const*, char const*, int, char const (&) [22])
 .text._ZN3_bn6assert9show_argsIA25_ciEEvPKcS4_S4_iRKT_RKT0_
                0x08000d78       0x54 bn_audio_manager.bn_noflto.o
                0x08000d78                void _bn::assert::show_args<char [25], int>(char const*, char const*, char const*, int, char const (&) [25], int const&)
 .text._ZN2bn13audio_manager16execute_commandsEv
                0x08000dcc      0x788 bn_audio_manager.bn_noflto.o
                0x08000dcc                bn::audio_manager::execute_commands()
 .text._ZN3_bn6assert9show_argsIA17_cEEvPKcS4_S4_iRKT_
                0x08001554       0x48 bn_audio_manager.bn_noflto.o
                0x08001554                void _bn::assert::show_args<char [17]>(char const*, char const*, char const*, int, char const (&) [17])
 .text._ZN2bn18best_fit_allocator4freeEPv
                0x0800159c      0x110 bn_best_fit_allocator.o
                0x0800159c                bn::best_fit_allocator::free(void*)
 .text._ZN3_bn6assert9show_argsIA23_cEEvPKcS4_S4_iRKT_
                0x080016ac       0x48 bn_best_fit_allocator.o
                0x080016ac                void _bn::assert::show_args<char [23]>(char const*, char const*, char const*, int, char const (&) [23])
 .text._ZN3_bn6assert9show_argsIA16_ciEEvPKcS4_S4_iRKT_RKT0_
                0x080016f4       0x54 bn_best_fit_allocator.o
                0x080016f4                void _bn::assert::show_args<char [16], int>(char const*, char const*, char const*, int, char const (&) [16], int const&)
 .text._ZN3_bn6assert9show_argsIA14_cEEvPKcS4_S4_iRKT_
                0x08001748       0x48 bn_best_fit_allocator.o
                0x08001748                void _bn::assert::show_args<char [14]>(char const*, char const*, char const*, int, char const (&) [14])
 .text._ZN2bn18best_fit_allocator5resetEPvi
                0x08001790       0xd4 bn_best_fit_allocator.o
                0x08001790                bn::best_fit_allocator::reset(void*, int)
 .text._ZN2bn17bg_blocks_manager12_GLOBAL__N_1L17_hw_commit_offsetEPKtjtPt
                0x08001864       0x74 bn_bg_blocks_manager.o
 .text._ZN2bn13ostringstream11append_argsIiJA4_ciEEEvRKT_DpRKT0_.isra.0
                0x080018d8       0x24 bn_bg_blocks_manager.o
 .text._ZNK2bn18regular_bg_map_ptr2idEv
                0x080018fc       0x18 bn_bg_blocks_manager.o
                0x080018fc                bn::regular_bg_map_ptr::id() const
 .text._ZNK2bn18regular_bg_map_ptr10dimensionsEv
                0x08001914       0x20 bn_bg_blocks_manager.o
                0x08001914                bn::regular_bg_map_ptr::dimensions() const
 .text._ZNK2bn20regular_bg_tiles_ptr3cbbEv
                0x08001934       0x18 bn_bg_blocks_manager.o
                0x08001934                bn::regular_bg_tiles_ptr::cbb() const
 .text._ZNK2bn17affine_bg_map_ptr2idEv
                0x0800194c       0x18 bn_bg_blocks_manager.o
                0x0800194c                bn::affine_bg_map_ptr::id() const
 .text._ZNK2bn17affine_bg_map_ptr10dimensionsEv
                0x08001964       0x20 bn_bg_blocks_manager.o
                0x08001964                bn::affine_bg_map_ptr::dimensions() const
 .text._ZNK2bn19affine_bg_tiles_ptr3cbbEv
                0x08001984       0x18 bn_bg_blocks_manager.o
                0x08001984                bn::affine_bg_tiles_ptr::cbb() const
 .text._ZN2bn17bg_blocks_manager4initEv
                0x0800199c       0x90 bn_bg_blocks_manager.o
                0x0800199c                bn::bg_blocks_manager::init()
 .text._ZN2bn17bg_blocks_manager11must_commitEi
                0x08001a2c       0x18 bn_bg_blocks_manager.o
                0x08001a2c                bn::bg_blocks_manager::must_commit(int)
 .text._ZN2bn17bg_blocks_manager6updateEv
                0x08001a44      0x260 bn_bg_blocks_manager.o
                0x08001a44                bn::bg_blocks_manager::update()
 .text._ZN3_bn6assert9show_argsIA15_ciEEvPKcS4_S4_iRKT_RKT0_
                0x08001ca4       0x54 bn_bg_blocks_manager.o
                0x08001ca4                void _bn::assert::show_args<char [15], int>(char const*, char const*, char const*, int, char const (&) [15], int const&)
 .text._ZN3_bn6assert9show_argsIJA58_ciA4_ciEEEvPKcS5_S5_iDpRKT_
                0x08001cf8       0x58 bn_bg_blocks_manager.o
                0x08001cf8                void _bn::assert::show_args<char [58], int, char [4], int>(char const*, char const*, char const*, int, char const (&) [58], int const&, char const (&) [4], int const&)
 .text._ZN3_bn6assert9show_argsIA27_ciEEvPKcS4_S4_iRKT_RKT0_
                0x08001d50       0x54 bn_bg_blocks_manager.o
                0x08001d50                void _bn::assert::show_args<char [27], int>(char const*, char const*, char const*, int, char const (&) [27], int const&)
 .text._ZN2bn17bg_blocks_manager12_GLOBAL__N_1L10_hw_commitEPKtNS_16compression_typeEibPt
                0x08001da4       0x68 bn_bg_blocks_manager.o
 .text._ZN3_bn6assert9show_argsIA22_ciEEvPKcS4_S4_iRKT_RKT0_
                0x08001e0c       0x54 bn_bg_blocks_manager.o
                0x08001e0c                void _bn::assert::show_args<char [22], int>(char const*, char const*, char const*, int, char const (&) [22], int const&)
 .text._ZN3_bn6assert9show_argsIA19_cEEvPKcS4_S4_iRKT_
                0x08001e60       0x48 bn_bg_blocks_manager.o
                0x08001e60                void _bn::assert::show_args<char [19]>(char const*, char const*, char const*, int, char const (&) [19])
 .text._ZN3_bn6assert9show_argsIA31_cEEvPKcS4_S4_iRKT_
                0x08001ea8       0x48 bn_bg_blocks_manager.o
                0x08001ea8                void _bn::assert::show_args<char [31]>(char const*, char const*, char const*, int, char const (&) [31])
 .text._ZNK2bn18regular_bg_map_ptr5tilesEv
                0x08001ef0       0x48 bn_bg_blocks_manager.o
                0x08001ef0                bn::regular_bg_map_ptr::tiles() const
 .text._ZNK2bn17affine_bg_map_ptr5tilesEv
                0x08001f38       0x48 bn_bg_blocks_manager.o
                0x08001f38                bn::affine_bg_map_ptr::tiles() const
 .text._ZNK2bn18regular_bg_map_ptr3bppEv
                0x08001f80       0x4c bn_bg_blocks_manager.o
                0x08001f80                bn::regular_bg_map_ptr::bpp() const
 .text._ZN2bn17bg_blocks_manager21update_affine_map_rowEiii
                0x08001fcc      0x15c bn_bg_blocks_manager.o
                0x08001fcc                bn::bg_blocks_manager::update_affine_map_row(int, int, int)
 .text._ZN2bn17bg_blocks_manager28update_affine_map_bottom_rowEiii
                0x08002128       0x30 bn_bg_blocks_manager.o
                0x08002128                bn::bg_blocks_manager::update_affine_map_bottom_row(int, int, int)
 .text._ZN2bn17bg_blocks_manager23set_affine_map_positionEiii
                0x08002158      0x1f0 bn_bg_blocks_manager.o
                0x08002158                bn::bg_blocks_manager::set_affine_map_position(int, int, int)
 .text._ZN2bn17bg_blocks_manager21update_affine_map_colEiii
                0x08002348      0x318 bn_bg_blocks_manager.o
                0x08002348                bn::bg_blocks_manager::update_affine_map_col(int, int, int)
 .text._ZN2bn17bg_blocks_manager27update_affine_map_right_colEiii
                0x08002660       0x30 bn_bg_blocks_manager.o
                0x08002660                bn::bg_blocks_manager::update_affine_map_right_col(int, int, int)
 .text._ZN2bn17bg_blocks_manager22update_regular_map_rowEiii
                0x08002690      0x19c bn_bg_blocks_manager.o
                0x08002690                bn::bg_blocks_manager::update_regular_map_row(int, int, int)
 .text._ZN2bn17bg_blocks_manager22update_regular_map_colEiii
                0x0800282c      0x1f0 bn_bg_blocks_manager.o
                0x0800282c                bn::bg_blocks_manager::update_regular_map_col(int, int, int)
 .text._ZN2bn17bg_blocks_manager24set_regular_map_positionEiii
                0x08002a1c      0x210 bn_bg_blocks_manager.o
                0x08002a1c                bn::bg_blocks_manager::set_regular_map_position(int, int, int)
 .text._ZN2bn17bg_blocks_manager12_GLOBAL__N_1L12_commit_itemERKNS1_9item_typeEb
                0x08002c2c      0x1d8 bn_bg_blocks_manager.o
 .text._ZN2bn17bg_blocks_manager19commit_uncompressedEb
                0x08002e04       0x54 bn_bg_blocks_manager.o
                0x08002e04                bn::bg_blocks_manager::commit_uncompressed(bool)
 .text._ZN2bn17bg_blocks_manager17commit_compressedEv
                0x08002e58       0x48 bn_bg_blocks_manager.o
                0x08002e58                bn::bg_blocks_manager::commit_compressed()
 .text._ZN3_bn6assert9show_argsIA39_ciEEvPKcS4_S4_iRKT_RKT0_
                0x08002ea0       0x54 bn_bg_blocks_manager.o
                0x08002ea0                void _bn::assert::show_args<char [39], int>(char const*, char const*, char const*, int, char const (&) [39], int const&)
 .text._ZN2bn11bgs_manager12_GLOBAL__N_1L33_update_item_hw_affine_attributesERKNS1_9item_typeE
                0x08002ef4       0x48 bn_bgs_manager.o
 .text._ZN2bn11bgs_manager4initEv
                0x08002f3c       0x8c bn_bgs_manager.o
                0x08002f3c                bn::bgs_manager::init()
 .text._ZN2bn11bgs_manager5hw_idEPv
                0x08002fc8        0x8 bn_bgs_manager.o
                0x08002fc8                bn::bgs_manager::hw_id(void*)
 .text._ZN2bn11bgs_manager11hw_positionEPv
                0x08002fd0        0x4 bn_bgs_manager.o
                0x08002fd0                bn::bgs_manager::hw_position(void*)
 .text._ZN2bn11bgs_manager14mat_attributesEPv
                0x08002fd4        0x4 bn_bgs_manager.o
                0x08002fd4                bn::bgs_manager::mat_attributes(void*)
 .text._ZN2bn11bgs_manager20update_windows_flagsEPj
                0x08002fd8       0x7c bn_bgs_manager.o
                0x08002fd8                bn::bgs_manager::update_windows_flags(unsigned int*)
 .text._ZN2bn11bgs_manager14update_camerasEv
                0x08003054      0x134 bn_bgs_manager.o
                0x08003054                bn::bgs_manager::update_cameras()
 .text._ZN2bn11bgs_manager36fill_hblank_effect_regular_positionsEiPKNS_7fixed_tILi12EEEPt
                0x08003188       0x38 bn_bgs_manager.o
                0x08003188                bn::bgs_manager::fill_hblank_effect_regular_positions(int, bn::fixed_t<12> const*, unsigned short*)
 .text._ZN2bn11bgs_manager45fill_hblank_effect_pivot_horizontal_positionsEPvPKNS_7fixed_tILi12EEEPj
                0x080031c0       0x28 bn_bgs_manager.o
                0x080031c0                bn::bgs_manager::fill_hblank_effect_pivot_horizontal_positions(void*, bn::fixed_t<12> const*, unsigned int*)
 .text._ZN2bn11bgs_manager43fill_hblank_effect_pivot_vertical_positionsEPvPKNS_7fixed_tILi12EEEPj
                0x080031e8       0x28 bn_bgs_manager.o
                0x080031e8                bn::bgs_manager::fill_hblank_effect_pivot_vertical_positions(void*, bn::fixed_t<12> const*, unsigned int*)
 .text._ZN2bn11bgs_manager6commitEb
                0x08003210       0x58 bn_bgs_manager.o
                0x08003210                bn::bgs_manager::commit(bool)
 .text._ZN2bn11bgs_manager4stopEv
                0x08003268       0x28 bn_bgs_manager.o
                0x08003268                bn::bgs_manager::stop()
 .text._ZN3_bn6assert9show_argsIA30_cEEvPKcS4_S4_iRKT_
                0x08003290       0x48 bn_bgs_manager.o
                0x08003290                void _bn::assert::show_args<char [30]>(char const*, char const*, char const*, int, char const (&) [30])
 .text._ZN2bn11bgs_manager15commit_big_mapsEv
                0x080032d8      0x208 bn_bgs_manager.o
                0x080032d8                bn::bgs_manager::commit_big_maps()
 .text._ZN2bn11bgs_manager10affine_mapEPv
                0x080034e0       0x34 bn_bgs_manager.o
                0x080034e0                bn::bgs_manager::affine_map(void*)
 .text._ZN2bn11bgs_manager11regular_mapEPv
                0x08003514       0x34 bn_bgs_manager.o
                0x08003514                bn::bgs_manager::regular_map(void*)
 .text._ZN3_bn6assert9show_argsIA27_cEEvPKcS4_S4_iRKT_
                0x08003548       0x48 bn_bgs_manager.o
                0x08003548                void _bn::assert::show_args<char [27]>(char const*, char const*, char const*, int, char const (&) [27])
 .text._ZN3_bn6assert9show_argsIA46_cEEvPKcS4_S4_iRKT_
                0x08003590       0x48 bn_bgs_manager.o
                0x08003590                void _bn::assert::show_args<char [46]>(char const*, char const*, char const*, int, char const (&) [46])
 .text._ZN2bn11bgs_manager37fill_hblank_effect_regular_attributesEPvPKNS_21regular_bg_attributesEPt
                0x080035d8      0x118 bn_bgs_manager.o
                0x080035d8                bn::bgs_manager::fill_hblank_effect_regular_attributes(void*, bn::regular_bg_attributes const*, unsigned short*)
 .text._ZN2bn11bgs_manager36fill_hblank_effect_affine_attributesEPvPKNS_20affine_bg_attributesEPt
                0x080036f0      0x10c bn_bgs_manager.o
                0x080036f0                bn::bgs_manager::fill_hblank_effect_affine_attributes(void*, bn::affine_bg_attributes const*, unsigned short*)
 .text._ZN2bn11bgs_manager15rebuild_handlesEv.part.0
                0x080037fc      0x1a4 bn_bgs_manager.o
 .text._ZN2bn11bgs_manager6updateEv
                0x080039a0      0x158 bn_bgs_manager.o
                0x080039a0                bn::bgs_manager::update()
 .text._ZN3_bn6assert9show_argsIA13_cEEvPKcS4_S4_iRKT_
                0x08003af8       0x48 bn_bgs_manager.o
                0x08003af8                void _bn::assert::show_args<char [13]>(char const*, char const*, char const*, int, char const (&) [13])
 .text._ZN2bn10camera_ptrD2Ev
                0x08003b40       0x38 bn_cameras_manager.o
                0x08003b40                bn::camera_ptr::~camera_ptr()
                0x08003b40                bn::camera_ptr::~camera_ptr()
 .text._ZNK2bn10camera_ptr8positionEv
                0x08003b78       0x14 bn_cameras_manager.o
                0x08003b78                bn::camera_ptr::position() const
 .text._ZN2bn15cameras_manager4initEv
                0x08003b8c       0x24 bn_cameras_manager.o
                0x08003b8c                bn::cameras_manager::init()
 .text._ZN2bn15cameras_manager6updateEv
                0x08003bb0       0x28 bn_cameras_manager.o
                0x08003bb0                bn::cameras_manager::update()
 .text._ZN2bn4core12_GLOBAL__N_1L12_vblank_intrEv
                0x08003bd8       0x3c bn_core.o
 .text._ZN2bn4core12_GLOBAL__N_1L4stopEb
                0x08003c14       0x60 bn_core.o
 .text._ZN2bn4core12_GLOBAL__N_1L11update_implEv
                0x08003c74      0x110 bn_core.o
 .text._ZN2bn4core6updateEv
                0x08003d84       0x78 bn_core.o
                0x08003d84                bn::core::update()
 .text._ZN2bn4core4initERKNS_8optionalINS_5colorEEERKNS_11string_viewE
                0x08003dfc      0x138 bn_core.o
                0x08003dfc                bn::core::init(bn::optional<bn::color> const&, bn::string_view const&)
 .text._ZN2bn4core4initEv
                0x08003f34       0x20 bn_core.o
                0x08003f34                bn::core::init()
 .text._ZN2bn11string_viewC2EPKc
                0x08003f54       0x40 bn_core.o
                0x08003f54                bn::string_view::string_view(char const*)
                0x08003f54                bn::string_view::string_view(char const*)
 .text._ZN3_bn6assert12_GLOBAL__N_1L10_show_implEPKcS3_S3_iRKN2bn11string_viewE
                0x08003f94       0x80 bn_core.o
 .text._ZN3_bn6assert4showEPKcS2_S2_iRKN2bn12istring_baseE
                0x08004014       0x18 bn_core.o
                0x08004014                _bn::assert::show(char const*, char const*, char const*, int, bn::istring_base const&)
 .text._ZN2bn15display_manager12_GLOBAL__N_1L34_update_rect_windows_hw_boundariesEi
                0x0800402c       0x7c bn_display_manager.o
 .text._ZN2bn15display_manager4initEv
                0x080040a8       0x98 bn_display_manager.o
                0x080040a8                bn::display_manager::init()
 .text._ZN2bn15display_manager8set_modeEi
                0x08004140       0x1c bn_display_manager.o
                0x08004140                bn::display_manager::set_mode(int)
 .text._ZN2bn15display_manager14set_bg_enabledEib
                0x0800415c       0x18 bn_display_manager.o
                0x0800415c                bn::display_manager::set_bg_enabled(int, bool)
 .text._ZN2bn15display_manager15disable_all_bgsEv
                0x08004174       0x14 bn_display_manager.o
                0x08004174                bn::display_manager::disable_all_bgs()
 .text._ZN2bn15display_manager36fill_mosaic_hblank_effect_attributesEPKNS_17mosaic_attributesEPt
                0x08004188       0x98 bn_display_manager.o
                0x08004188                bn::display_manager::fill_mosaic_hblank_effect_attributes(bn::mosaic_attributes const*, unsigned short*)
 .text._ZN2bn15display_manager27set_blending_top_bg_enabledEib
                0x08004220       0x20 bn_display_manager.o
                0x08004220                bn::display_manager::set_blending_top_bg_enabled(int, bool)
 .text._ZN2bn15display_manager30set_blending_bottom_bg_enabledEib
                0x08004240       0x20 bn_display_manager.o
                0x08004240                bn::display_manager::set_blending_bottom_bg_enabled(int, bool)
 .text._ZN2bn15display_manager32blending_transparency_top_weightEv
                0x08004260       0x18 bn_display_manager.o
                0x08004260                bn::display_manager::blending_transparency_top_weight()
 .text._ZN2bn15display_manager35blending_transparency_bottom_weightEv
                0x08004278       0x28 bn_display_manager.o
                0x08004278                bn::display_manager::blending_transparency_bottom_weight()
 .text._ZN2bn15display_manager51fill_blending_transparency_hblank_effect_attributesEPKNS_32blending_transparency_attributesEPt
                0x080042a0       0x30 bn_display_manager.o
                0x080042a0                bn::display_manager::fill_blending_transparency_hblank_effect_attributes(bn::blending_transparency_attributes const*, unsigned short*)
 .text._ZN2bn15display_manager21blending_fade_enabledEv
                0x080042d0        0xc bn_display_manager.o
                0x080042d0                bn::display_manager::blending_fade_enabled()
 .text._ZN2bn15display_manager39fill_blending_fade_hblank_effect_alphasEPKNS_19blending_fade_alphaEPt
                0x080042dc       0x24 bn_display_manager.o
                0x080042dc                bn::display_manager::fill_blending_fade_hblank_effect_alphas(bn::blending_fade_alpha const*, unsigned short*)
 .text._ZN2bn15display_manager26update_windows_visible_bgsEv
                0x08004300       0x14 bn_display_manager.o
                0x08004300                bn::display_manager::update_windows_visible_bgs()
 .text._ZN2bn15display_manager36rect_window_hw_horizontal_boundariesEi
                0x08004314       0x18 bn_display_manager.o
                0x08004314                bn::display_manager::rect_window_hw_horizontal_boundaries(int)
 .text._ZN2bn15display_manager34rect_window_hw_vertical_boundariesEi
                0x0800432c       0x18 bn_display_manager.o
                0x0800432c                bn::display_manager::rect_window_hw_vertical_boundaries(int)
 .text._ZN2bn15display_manager52fill_rect_window_hblank_effect_horizontal_boundariesERKSt4pairIiiEPKS1_INS_7fixed_tILi12EEES6_EPt
                0x08004344      0x134 bn_display_manager.o
                0x08004344                bn::display_manager::fill_rect_window_hblank_effect_horizontal_boundaries(std::pair<int, int> const&, std::pair<bn::fixed_t<12>, bn::fixed_t<12> > const*, unsigned short*)
 .text._ZN2bn15display_manager50fill_rect_window_hblank_effect_vertical_boundariesERKSt4pairIiiEPKS1_INS_7fixed_tILi12EEES6_EPt
                0x08004478      0x134 bn_display_manager.o
                0x08004478                bn::display_manager::fill_rect_window_hblank_effect_vertical_boundaries(std::pair<int, int> const&, std::pair<bn::fixed_t<12>, bn::fixed_t<12> > const*, unsigned short*)
 .text._ZN2bn15display_manager36fill_green_swap_hblank_effect_statesEPKbPt
                0x080045ac       0x38 bn_display_manager.o
                0x080045ac                bn::display_manager::fill_green_swap_hblank_effect_states(bool const*, unsigned short*)
 .text._ZN2bn15display_manager14update_camerasEv
                0x080045e4       0x40 bn_display_manager.o
                0x080045e4                bn::display_manager::update_cameras()
 .text._ZN2bn15display_manager6updateEv
                0x08004624      0x244 bn_display_manager.o
                0x08004624                bn::display_manager::update()
 .text._ZN2bn15display_manager6commitEv
                0x08004868      0x130 bn_display_manager.o
                0x08004868                bn::display_manager::commit()
 .text._ZN2bn15display_manager4stopEv
                0x08004998       0x30 bn_display_manager.o
                0x08004998                bn::display_manager::stop()
 .text._ZN3_bn6assert9show_argsIA66_cEEvPKcS4_S4_iRKT_
                0x080049c8       0x48 bn_display_manager.o
                0x080049c8                void _bn::assert::show_args<char [66]>(char const*, char const*, char const*, int, char const (&) [66])
 .text._ZN2bn12gpio_manager5sleepEv
                0x08004a10       0x28 bn_gpio_manager.o
                0x08004a10                bn::gpio_manager::sleep()
 .text._ZN2bn22hblank_effects_manager12_GLOBAL__N_19item_type18_output_values_ptrEv
                0x08004a38       0x40 bn_hblank_effects_manager.o
 .text._ZN2bn22hblank_effects_manager7disableEv
                0x08004a78       0x24 bn_hblank_effects_manager.o
                0x08004a78                bn::hblank_effects_manager::disable()
 .text._ZN2bn22hblank_effects_manager4stopEv
                0x08004a9c       0x38 bn_hblank_effects_manager.o
                0x08004a9c                bn::hblank_effects_manager::stop()
 .text._ZN2bn22hblank_effects_manager6commitEv
                0x08004ad4       0x8c bn_hblank_effects_manager.o
                0x08004ad4                bn::hblank_effects_manager::commit()
 .text._ZN2bn22hblank_effects_manager12_GLOBAL__N_1L10_is_uint32ENS0_12handler_typeE
                0x08004b60       0x64 bn_hblank_effects_manager.o
 .text._ZN2bn22hblank_effects_manager12_GLOBAL__N_19item_type12check_updateEv
                0x08004bc4     0x15d0 bn_hblank_effects_manager.o
 .text._ZN2bn22hblank_effects_manager6updateEv
                0x08006194      0x1ec bn_hblank_effects_manager.o
                0x08006194                bn::hblank_effects_manager::update()
 .text._ZN2bn22hblank_effects_manager4initEv
                0x08006380      0x180 bn_hblank_effects_manager.o
                0x08006380                bn::hblank_effects_manager::init()
 .text.startup._GLOBAL__sub_I__ZN2bn4hbes10used_countEv
                0x08006500       0x14 bn_hblank_effects_manager.o
 .text._ZN2bn12hdma_manager4initEv
                0x08006514       0x38 bn_hdma_manager.o
                0x08006514                bn::hdma_manager::init()
 .text._ZN2bn12hdma_manager10force_stopEv
                0x0800654c       0x5c bn_hdma_manager.o
                0x0800654c                bn::hdma_manager::force_stop()
 .text._ZN2bn12hdma_manager7disableEv
                0x080065a8       0x48 bn_hdma_manager.o
                0x080065a8                bn::hdma_manager::disable()
 .text._ZN2bn12hdma_manager6updateEv
                0x080065f0       0x6c bn_hdma_manager.o
                0x080065f0                bn::hdma_manager::update()
 .text._ZN2bn12hdma_manager24commit_interrupt_handlerEv
                0x0800665c       0x20 bn_hdma_manager.o
                0x0800665c                bn::hdma_manager::commit_interrupt_handler()
 .text._ZN2bn12hdma_manager14commit_entriesEb
                0x0800667c      0x168 bn_hdma_manager.o
                0x0800667c                bn::hdma_manager::commit_entries(bool)
 .text._ZN2bn6keypad9a_pressedEv
                0x080067e4       0x10 bn_keypad_manager.o
                0x080067e4                bn::keypad::a_pressed()
 .text._ZN2bn14keypad_manager4stopEv
                0x080067f4        0x4 bn_keypad_manager.o
                0x080067f4                bn::keypad_manager::stop()
 .text._ZN2bn14keypad_manager6updateEv
                0x080067f8       0xb8 bn_keypad_manager.o
                0x080067f8                bn::keypad_manager::update()
 .text._ZN2bn14keypad_manager4initERKNS_11string_viewE
                0x080068b0       0x64 bn_keypad_manager.o
                0x080068b0                bn::keypad_manager::init(bn::string_view const&)
 .text._ZN2bn12link_manager4initEv
                0x08006914        0xc bn_link_manager.o
                0x08006914                bn::link_manager::init()
 .text._ZN2bn12link_manager6activeEv
                0x08006920        0xc bn_link_manager.o
                0x08006920                bn::link_manager::active()
 .text._ZN2bn12link_manager7disableEv
                0x0800692c       0x18 bn_link_manager.o
                0x0800692c                bn::link_manager::disable()
 .text._ZN2bn12link_manager6commitEv
                0x08006944       0x18 bn_link_manager.o
                0x08006944                bn::link_manager::commit()
 .text._ZN3_bn6memory18unsafe_clear_wordsEiPv
                0x0800695c       0x14 bn_memory_manager.o
                0x0800695c                _bn::memory::unsafe_clear_words(int, void*)
 .text._ZN2bn4freeEPv
                0x08006970       0x14 bn_memory_manager.o
                0x08006970                bn::free(void*)
 .text._ZN2bn14memory_manager4initEv
                0x08006984       0x2c bn_memory_manager.o
                0x08006984                bn::memory_manager::init()
 .text._ZN2bn2hw8palettes9grayscaleEPKNS_5colorEiiPS2_.part.0
                0x080069b0       0x40 bn_palettes_manager.o
 .text._ZN2bn11bg_palettes21set_transparent_colorENS_5colorE
                0x080069f0       0x40 bn_palettes_manager.o
                0x080069f0                bn::bg_palettes::set_transparent_color(bn::color)
 .text._ZNK2bn14bg_palette_ptr3bppEv
                0x08006a30       0x20 bn_palettes_manager.o
                0x08006a30                bn::bg_palette_ptr::bpp() const
 .text._ZNK2bn18sprite_palette_ptr3bppEv
                0x08006a50       0x1c bn_palettes_manager.o
                0x08006a50                bn::sprite_palette_ptr::bpp() const
 .text._ZNK2bn13palettes_bank10log_statusEv
                0x08006a6c      0x178 bn_palettes_manager.o
                0x08006a6c                bn::palettes_bank::log_status() const
 .text._ZN2bn13palettes_bank10find_bpp_4ERKNS_4spanIKNS_5colorEEEt
                0x08006be4      0x118 bn_palettes_manager.o
                0x08006be4                bn::palettes_bank::find_bpp_4(bn::span<bn::color const> const&, unsigned short)
 .text._ZNK2bn13palettes_bank20retrieve_commit_dataEv
                0x08006cfc       0x4c bn_palettes_manager.o
                0x08006cfc                bn::palettes_bank::retrieve_commit_data() const
 .text._ZNK2bn13palettes_bank7palette13apply_effectsEiPNS_5colorE
                0x08006d48       0xb0 bn_palettes_manager.o
                0x08006d48                bn::palettes_bank::palette::apply_effects(int, bn::color*) const
 .text._ZN2bn13palettes_bank15_update_paletteEi
                0x08006df8       0x70 bn_palettes_manager.o
                0x08006df8                bn::palettes_bank::_update_palette(int)
 .text._ZN2bn16palettes_manager4initERKNS_8optionalINS_5colorEEE
                0x08006e68      0x16c bn_palettes_manager.o
                0x08006e68                bn::palettes_manager::init(bn::optional<bn::color> const&)
 .text._ZN2bn16palettes_manager20sprite_palettes_bankEv
                0x08006fd4        0x8 bn_palettes_manager.o
                0x08006fd4                bn::palettes_manager::sprite_palettes_bank()
 .text._ZN2bn16palettes_manager16bg_palettes_bankEv
                0x08006fdc        0x8 bn_palettes_manager.o
                0x08006fdc                bn::palettes_manager::bg_palettes_bank()
 .text._ZN2bn16palettes_manager6commitEb
                0x08006fe4       0xf8 bn_palettes_manager.o
                0x08006fe4                bn::palettes_manager::commit(bool)
 .text._ZN2bn16palettes_manager4stopEv
                0x080070dc       0x20 bn_palettes_manager.o
                0x080070dc                bn::palettes_manager::stop()
 .text._ZN3_bn6assert9show_argsIA35_cEEvPKcS4_S4_iRKT_
                0x080070fc       0x48 bn_palettes_manager.o
                0x080070fc                void _bn::assert::show_args<char [35]>(char const*, char const*, char const*, int, char const (&) [35])
 .text._ZN2bn13palettes_bank11colors_hashERKNS_4spanIKNS_5colorEEE
                0x08007144       0x48 bn_palettes_manager.o
                0x08007144                bn::palettes_bank::colors_hash(bn::span<bn::color const> const&)
 .text._ZN3_bn6assert9show_argsIJA43_ciA38_cA42_cEEEvPKcS6_S6_iDpRKT_
                0x0800718c       0x64 bn_palettes_manager.o
                0x0800718c                void _bn::assert::show_args<char [43], int, char [38], char [42]>(char const*, char const*, char const*, int, char const (&) [43], int const&, char const (&) [38], char const (&) [42])
 .text._ZN2bn13palettes_bank12create_bpp_8ERKNS_4spanIKNS_5colorEEENS_16compression_typeEb
                0x080071f0      0x230 bn_palettes_manager.o
                0x080071f0                bn::palettes_bank::create_bpp_8(bn::span<bn::color const> const&, bn::compression_type, bool)
 .text._ZNK2bn13palettes_bank21_apply_global_effectsEiPNS_5colorE
                0x08007420      0x190 bn_palettes_manager.o
                0x08007420                bn::palettes_bank::_apply_global_effects(int, bn::color*) const
 .text._ZN2bn13palettes_bank6updateEv
                0x080075b0      0x138 bn_palettes_manager.o
                0x080075b0                bn::palettes_bank::update()
 .text._ZN2bn16palettes_manager6updateEv
                0x080076e8       0x20 bn_palettes_manager.o
                0x080076e8                bn::palettes_manager::update()
 .text._ZNK2bn13palettes_bank25fill_hblank_effect_colorsEiPKNS_5colorEPt
                0x08007708       0x44 bn_palettes_manager.o
                0x08007708                bn::palettes_bank::fill_hblank_effect_colors(int, bn::color const*, unsigned short*) const
 .text._ZNK2bn13palettes_bank25fill_hblank_effect_colorsEPKNS_5colorEPt
                0x0800774c       0x30 bn_palettes_manager.o
                0x0800774c                bn::palettes_bank::fill_hblank_effect_colors(bn::color const*, unsigned short*) const
 .text._ZNK2bn19sprite_palette_item10decompressENS_4spanINS_5colorEEE
                0x0800777c      0x168 bn_palettes_manager.o
                0x0800777c                bn::sprite_palette_item::decompress(bn::span<bn::color>) const
 .text._ZN2bn14iunordered_mapItsNS_15identity_hasherENS_8equal_toItEEE21insert_or_assign_hashEjOSt4pairIKtsE.isra.0
                0x080078e4      0x108 bn_palettes_manager.o
 .text._ZN2bn13palettes_bank12create_bpp_4ERKNS_4spanIKNS_5colorEEEtb
                0x080079ec      0x164 bn_palettes_manager.o
                0x080079ec                bn::palettes_bank::create_bpp_4(bn::span<bn::color const> const&, unsigned short, bool)
 .text._ZN2bn12_GLOBAL__N_1L12_create_implERKNS_19sprite_palette_itemEb
                0x08007b50       0x88 bn_palettes_manager.o
 .text._ZN2bn18sprite_palette_ptr6createERKNS_19sprite_palette_itemE
                0x08007bd8       0x48 bn_palettes_manager.o
                0x08007bd8                bn::sprite_palette_ptr::create(bn::sprite_palette_item const&)
 .text._ZN2bn13palettes_bank30_erase_bpp_4_indexes_map_indexEt
                0x08007c20      0x1c4 bn_palettes_manager.o
                0x08007c20                bn::palettes_bank::_erase_bpp_4_indexes_map_index(unsigned short)
 .text._ZN2bn13palettes_bank15decrease_usagesEi
                0x08007de4       0x80 bn_palettes_manager.o
                0x08007de4                bn::palettes_bank::decrease_usages(int)
 .text._ZN2bn18sprite_palette_ptrD2Ev
                0x08007e64       0x20 bn_palettes_manager.o
                0x08007e64                bn::sprite_palette_ptr::~sprite_palette_ptr()
                0x08007e64                bn::sprite_palette_ptr::~sprite_palette_ptr()
 .text._ZN2bn26sprite_affine_mats_manager12_GLOBAL__N_1L19_sprite_double_sizeILi32ELi16EEEbiiiii
                0x08007e84       0x80 bn_sprite_affine_mats_manager.o
 .text._ZN2bn26sprite_affine_mats_manager12_GLOBAL__N_1L19_sprite_double_sizeILi16ELi32EEEbiiiii
                0x08007f04       0x80 bn_sprite_affine_mats_manager.o
 .text._ZNK2bn26sprite_affine_mats_manager12_GLOBAL__N_19item_type18sprite_double_sizeEiRKNS_17sprite_shape_sizeE.isra.0
                0x08007f84      0x1b4 bn_sprite_affine_mats_manager.o
 .text._ZNK2bn21sprite_affine_mat_ptr15horizontal_flipEv
                0x08008138       0x18 bn_sprite_affine_mats_manager.o
                0x08008138                bn::sprite_affine_mat_ptr::horizontal_flip() const
 .text._ZNK2bn21sprite_affine_mat_ptr13vertical_flipEv
                0x08008150       0x18 bn_sprite_affine_mats_manager.o
                0x08008150                bn::sprite_affine_mat_ptr::vertical_flip() const
 .text._ZN2bn26sprite_affine_mats_manager20retrieve_commit_dataEv
                0x08008168       0x3c bn_sprite_affine_mats_manager.o
                0x08008168                bn::sprite_affine_mats_manager::retrieve_commit_data()
 .text._ZN3_bn6assert9show_argsIA37_cEEvPKcS4_S4_iRKT_
                0x080081a4       0x48 bn_sprite_affine_mats_manager.o
                0x080081a4                void _bn::assert::show_args<char [37]>(char const*, char const*, char const*, int, char const (&) [37])
 .text._ZN3_bn6assert9show_argsIA16_cEEvPKcS4_S4_iRKT_
                0x080081ec       0x48 bn_sprite_affine_mats_manager.o
                0x080081ec                void _bn::assert::show_args<char [16]>(char const*, char const*, char const*, int, char const (&) [16])
 .text._ZN2bn26sprite_affine_mats_manager15decrease_usagesEi.part.0
                0x08008234       0x70 bn_sprite_affine_mats_manager.o
 .text._ZN2bn21sprite_affine_mat_ptrD2Ev
                0x080082a4       0x34 bn_sprite_affine_mats_manager.o
                0x080082a4                bn::sprite_affine_mat_ptr::~sprite_affine_mat_ptr()
                0x080082a4                bn::sprite_affine_mat_ptr::~sprite_affine_mat_ptr()
 .text._ZN2bn26sprite_affine_mats_manager6updateEv
                0x080082d8      0x2a4 bn_sprite_affine_mats_manager.o
                0x080082d8                bn::sprite_affine_mats_manager::update()
 .text._ZN2bn26sprite_affine_mats_manager4initEPv
                0x0800857c      0x100 bn_sprite_affine_mats_manager.o
                0x0800857c                bn::sprite_affine_mats_manager::init(void*)
 .text._ZN2bn26sprite_affine_mats_manager14dettach_spriteEiRNS_24intrusive_list_node_typeE
                0x0800867c       0x4c bn_sprite_affine_mats_manager.o
                0x0800867c                bn::sprite_affine_mats_manager::dettach_sprite(int, bn::intrusive_list_node_type&)
 .text._ZN2bn21sprite_text_generator5_initEv
                0x080086c8      0x1b4 bn_sprite_text_generator.o
                0x080086c8                bn::sprite_text_generator::_init()
 .text._ZN2bn21sprite_text_generatorC2ERKNS_11sprite_fontE
                0x0800887c       0x38 bn_sprite_text_generator.o
                0x0800887c                bn::sprite_text_generator::sprite_text_generator(bn::sprite_font const&)
                0x0800887c                bn::sprite_text_generator::sprite_text_generator(bn::sprite_font const&)
 .text._ZN3_bn6assert9show_argsIA54_cEEvPKcS4_S4_iRKT_
                0x080088b4       0x48 bn_sprite_text_generator.o
                0x080088b4                void _bn::assert::show_args<char [54]>(char const*, char const*, char const*, int, char const (&) [54])
 .text._ZNK2bn16sprite_tiles_ptr2idEv
                0x080088fc       0x18 bn_sprite_tiles_manager.o
                0x080088fc                bn::sprite_tiles_ptr::id() const
 .text._ZNK2bn16sprite_tiles_ptr11tiles_countEv
                0x08008914       0x18 bn_sprite_tiles_manager.o
                0x08008914                bn::sprite_tiles_ptr::tiles_count() const
 .text._ZN2bn20sprite_tiles_manager10log_statusEv
                0x0800892c      0x1ec bn_sprite_tiles_manager.o
                0x0800892c                bn::sprite_tiles_manager::log_status()
 .text._ZN2bn20sprite_tiles_manager19commit_uncompressedEb
                0x08008b18       0xc4 bn_sprite_tiles_manager.o
                0x08008b18                bn::sprite_tiles_manager::commit_uncompressed(bool)
 .text._ZN3_bn6assert9show_argsIJA44_cPKN2bn4tileEA4_cS6_EEEvPKcS9_S9_iDpRKT_
                0x08008bdc       0x64 bn_sprite_tiles_manager.o
                0x08008bdc                void _bn::assert::show_args<char [44], bn::tile const*, char [4], bn::tile const*>(char const*, char const*, char const*, int, char const (&) [44], bn::tile const* const&, char const (&) [4], bn::tile const* const&)
 .text._ZN3_bn6assert9show_argsIJA46_ciA4_cjEEEvPKcS5_S5_iDpRKT_
                0x08008c40       0x64 bn_sprite_tiles_manager.o
                0x08008c40                void _bn::assert::show_args<char [46], int, char [4], unsigned int>(char const*, char const*, char const*, int, char const (&) [46], int const&, char const (&) [4], unsigned int const&)
 .text._ZN2bn20sprite_tiles_manager12_GLOBAL__N_1L10_hw_commitEPKNS_4tileENS_16compression_typeEii
                0x08008ca4       0x8c bn_sprite_tiles_manager.o
 .text._ZN2bn20sprite_tiles_manager17commit_compressedEv
                0x08008d30       0x5c bn_sprite_tiles_manager.o
                0x08008d30                bn::sprite_tiles_manager::commit_compressed()
 .text._ZN3_bn6assert9show_argsIJA28_cA15_cPKN2bn4tileEA16_ciA34_cNS4_11string_viewEEEEvPKcSC_SC_iDpRKT_
                0x08008d8c       0x7c bn_sprite_tiles_manager.o
                0x08008d8c                void _bn::assert::show_args<char [28], char [15], bn::tile const*, char [16], int, char [34], bn::string_view>(char const*, char const*, char const*, int, char const (&) [28], char const (&) [15], bn::tile const* const&, char const (&) [16], int const&, char const (&) [34], bn::string_view const&)
 .text._ZN2bn20sprite_tiles_manager4initEv
                0x08008e08      0x188 bn_sprite_tiles_manager.o
                0x08008e08                bn::sprite_tiles_manager::init()
 .text._ZN2bn20sprite_tiles_manager12_GLOBAL__N_1L22_insert_to_commit_itemEiRNS1_9item_typeE.part.0
                0x08008f90       0x64 bn_sprite_tiles_manager.o
 .text._ZN2bn20sprite_tiles_manager12_GLOBAL__N_1L17_insert_free_itemEiPt
                0x08008ff4       0xcc bn_sprite_tiles_manager.o
 .text._ZN2bn20sprite_tiles_manager12_GLOBAL__N_1L16_erase_free_itemEi
                0x080090c0       0xe8 bn_sprite_tiles_manager.o
 .text._ZN2bn20sprite_tiles_manager12_GLOBAL__N_1L21_erase_to_commit_itemEiRNS1_9item_typeE.part.0
                0x080091a8       0xac bn_sprite_tiles_manager.o
 .text._ZN2bn20sprite_tiles_manager15decrease_usagesEi
                0x08009254      0x138 bn_sprite_tiles_manager.o
                0x08009254                bn::sprite_tiles_manager::decrease_usages(int)
 .text._ZN2bn16sprite_tiles_ptrD2Ev
                0x0800938c       0x18 bn_sprite_tiles_manager.o
                0x0800938c                bn::sprite_tiles_ptr::~sprite_tiles_ptr()
                0x0800938c                bn::sprite_tiles_ptr::~sprite_tiles_ptr()
 .text._ZN2bn20sprite_tiles_manager12_GLOBAL__N_1L10_find_implEPKNS_4tileENS_16compression_typeEi
                0x080093a4      0x288 bn_sprite_tiles_manager.o
 .text._ZN2bn20sprite_tiles_manager12_GLOBAL__N_1L21_erase_items_map_itemEPKNS_4tileE
                0x0800962c      0x1fc bn_sprite_tiles_manager.o
 .text._ZN2bn20sprite_tiles_manager12_GLOBAL__N_1L12_create_itemEiPKNS_4tileENS_16compression_typeEib
                0x08009828      0x1d0 bn_sprite_tiles_manager.o
 .text._ZN2bn20sprite_tiles_manager6updateEv
                0x080099f8      0x1a8 bn_sprite_tiles_manager.o
                0x080099f8                bn::sprite_tiles_manager::update()
 .text._ZN2bn20sprite_tiles_manager12_GLOBAL__N_1L12_create_implEPKNS_4tileENS_16compression_typeEi
                0x08009ba0      0x208 bn_sprite_tiles_manager.o
 .text._ZN2bn20sprite_tiles_manager12_GLOBAL__N_1L22_insert_items_map_itemEPKNS_4tileEi
                0x08009da8       0xc0 bn_sprite_tiles_manager.o
 .text._ZN2bn20sprite_tiles_manager6createERKNS_4spanIKNS_4tileEEENS_16compression_typeE
                0x08009e68       0x94 bn_sprite_tiles_manager.o
                0x08009e68                bn::sprite_tiles_manager::create(bn::span<bn::tile const> const&, bn::compression_type)
 .text._ZN2bn16sprite_tiles_ptr6createERKNS_17sprite_tiles_itemE
                0x08009efc       0x84 bn_sprite_tiles_manager.o
                0x08009efc                bn::sprite_tiles_ptr::create(bn::sprite_tiles_item const&)
 .text._ZN2bn15sprites_manager12_GLOBAL__N_1L32_always_update_indexes_to_commitERKNS_20sprites_manager_itemE
                0x08009f80       0x4c bn_sprites_manager.o
 .text._ZN2bn13ostringstream11append_argsIiJA4_ciEEEvRKT_DpRKT0_.isra.0
                0x08009fcc       0x24 bn_sprites_manager.o
 .text._ZN2bn15sprites_manager12_GLOBAL__N_1L23_update_item_dimensionsERNS_20sprites_manager_itemE
                0x08009ff0       0xc0 bn_sprites_manager.o
 .text._ZN2bn10sprite_ptrC2ERKS0_
                0x0800a0b0        0xc bn_sprites_manager.o
                0x0800a0b0                bn::sprite_ptr::sprite_ptr(bn::sprite_ptr const&)
                0x0800a0b0                bn::sprite_ptr::sprite_ptr(bn::sprite_ptr const&)
 .text._ZNK2bn10sprite_ptr1xEv
                0x0800a0bc        0x8 bn_sprites_manager.o
                0x0800a0bc                bn::sprite_ptr::x() const
 .text._ZN2bn10sprite_ptr5set_xENS_7fixed_tILi12EEE
                0x0800a0c4       0x48 bn_sprites_manager.o
                0x0800a0c4                bn::sprite_ptr::set_x(bn::fixed_t<12>)
 .text._ZNK2bn10sprite_ptr1yEv
                0x0800a10c        0x8 bn_sprites_manager.o
                0x0800a10c                bn::sprite_ptr::y() const
 .text._ZN2bn10sprite_ptr5set_yENS_7fixed_tILi12EEE
                0x0800a114       0x48 bn_sprites_manager.o
                0x0800a114                bn::sprite_ptr::set_y(bn::fixed_t<12>)
 .text._ZNK2bn10sprite_ptr8positionEv
                0x0800a15c        0x8 bn_sprites_manager.o
                0x0800a15c                bn::sprite_ptr::position() const
 .text._ZN2bn10sprite_ptr12set_positionENS_7fixed_tILi12EEES2_
                0x0800a164       0x70 bn_sprites_manager.o
                0x0800a164                bn::sprite_ptr::set_position(bn::fixed_t<12>, bn::fixed_t<12>)
 .text._ZN2bn15sprites_manager4initEv
                0x0800a1d4       0xcc bn_sprites_manager.o
                0x0800a1d4                bn::sprites_manager::init()
 .text._ZN2bn15sprites_manager5hw_idEPv
                0x0800a2a0        0x8 bn_sprites_manager.o
                0x0800a2a0                bn::sprites_manager::hw_id(void*)
 .text._ZN2bn15sprites_manager5shapeEPv
                0x0800a2a8        0x8 bn_sprites_manager.o
                0x0800a2a8                bn::sprites_manager::shape(void*)
 .text._ZN2bn15sprites_manager4sizeEPv
                0x0800a2b0        0x8 bn_sprites_manager.o
                0x0800a2b0                bn::sprites_manager::size(void*)
 .text._ZN2bn15sprites_manager10shape_sizeEPv
                0x0800a2b8       0x14 bn_sprites_manager.o
                0x0800a2b8                bn::sprites_manager::shape_size(void*)
 .text._ZN2bn15sprites_manager11hw_positionEPv
                0x0800a2cc        0x4 bn_sprites_manager.o
                0x0800a2cc                bn::sprites_manager::hw_position(void*)
 .text._ZN2bn15sprites_manager9view_modeEPv
                0x0800a2d0        0xc bn_sprites_manager.o
                0x0800a2d0                bn::sprites_manager::view_mode(void*)
 .text._ZN2bn15sprites_manager10affine_matEPv
                0x0800a2dc        0x4 bn_sprites_manager.o
                0x0800a2dc                bn::sprites_manager::affine_mat(void*)
 .text._ZN2bn15sprites_manager39fill_hblank_effect_horizontal_positionsEPviPKNS_7fixed_tILi12EEEPt
                0x0800a2e0       0x4c bn_sprites_manager.o
                0x0800a2e0                bn::sprites_manager::fill_hblank_effect_horizontal_positions(void*, int, bn::fixed_t<12> const*, unsigned short*)
 .text._ZN2bn15sprites_manager37fill_hblank_effect_vertical_positionsEPviPKNS_7fixed_tILi12EEEPt
                0x0800a32c       0x4c bn_sprites_manager.o
                0x0800a32c                bn::sprites_manager::fill_hblank_effect_vertical_positions(void*, int, bn::fixed_t<12> const*, unsigned short*)
 .text._ZN2bn15sprites_manager35fill_hblank_effect_first_attributesEiNS_12sprite_shapeENS_8bpp_modeEiPKNS_23sprite_first_attributesEPt
                0x0800a378       0xd4 bn_sprites_manager.o
                0x0800a378                bn::sprites_manager::fill_hblank_effect_first_attributes(int, bn::sprite_shape, bn::bpp_mode, int, bn::sprite_first_attributes const*, unsigned short*)
 .text._ZN2bn15sprites_manager44fill_hblank_effect_regular_second_attributesEPviNS_11sprite_sizeEPKNS_32sprite_regular_second_attributesEPt
                0x0800a44c       0x60 bn_sprites_manager.o
                0x0800a44c                bn::sprites_manager::fill_hblank_effect_regular_second_attributes(void*, int, bn::sprite_size, bn::sprite_regular_second_attributes const*, unsigned short*)
 .text._ZN2bn15sprites_manager43fill_hblank_effect_affine_second_attributesEPviNS_11sprite_sizeEPKNS_31sprite_affine_second_attributesEPt
                0x0800a4ac       0x58 bn_sprites_manager.o
                0x0800a4ac                bn::sprites_manager::fill_hblank_effect_affine_second_attributes(void*, int, bn::sprite_size, bn::sprite_affine_second_attributes const*, unsigned short*)
 .text._ZN2bn15sprites_manager14update_camerasEv
                0x0800a504       0x20 bn_sprites_manager.o
                0x0800a504                bn::sprites_manager::update_cameras()
 .text._ZN2bn15sprites_manager23update_auto_double_sizeEPv
                0x0800a524       0x2c bn_sprites_manager.o
                0x0800a524                bn::sprites_manager::update_auto_double_size(void*)
 .text._ZN2bn15sprites_manager6commitEb
                0x0800a550       0xa4 bn_sprites_manager.o
                0x0800a550                bn::sprites_manager::commit(bool)
 .text._ZN2bn15sprites_manager12_GLOBAL__N_1L18_remove_affine_matERNS_20sprites_manager_itemE
                0x0800a5f4       0xe4 bn_sprites_manager.o
 .text._ZN2bn15sprites_manager42remove_identity_affine_mat_when_not_neededEPv
                0x0800a6d8        0xc bn_sprites_manager.o
                0x0800a6d8                bn::sprites_manager::remove_identity_affine_mat_when_not_needed(void*)
 .text._ZN2bn15sprites_manager7paletteEPv
                0x0800a6e4       0x34 bn_sprites_manager.o
                0x0800a6e4                bn::sprites_manager::palette(void*)
 .text._ZN2bn15sprites_manager6updateEv
                0x0800a718      0x140 bn_sprites_manager.o
                0x0800a718                bn::sprites_manager::update()
 .text._ZN3_bn6assert9show_argsIJA27_ciA4_ciEEEvPKcS5_S5_iDpRKT_
                0x0800a858       0x58 bn_sprites_manager.o
                0x0800a858                void _bn::assert::show_args<char [27], int, char [4], int>(char const*, char const*, char const*, int, char const (&) [27], int const&, char const (&) [4], int const&)
 .text._ZN2bn15sprites_manager35fill_hblank_effect_third_attributesENS_17sprite_shape_sizeEPKNS_23sprite_third_attributesEPt
                0x0800a8b0      0x2f0 bn_sprites_manager.o
                0x0800a8b0                bn::sprites_manager::fill_hblank_effect_third_attributes(bn::sprite_shape_size, bn::sprite_third_attributes const*, unsigned short*)
 .text._ZN2bn14sorted_sprites6sorter6insertERNS_20sprites_manager_itemE
                0x0800aba0      0x170 bn_sprites_manager.o
                0x0800aba0                bn::sorted_sprites::sorter::insert(bn::sprites_manager_item&)
 .text._ZN2bn15sprites_manager6createERKNS_13fixed_point_tILi12EEERKNS_17sprite_shape_sizeEONS_16sprite_tiles_ptrEONS_18sprite_palette_ptrE
                0x0800ad10      0x1d0 bn_sprites_manager.o
                0x0800ad10                bn::sprites_manager::create(bn::fixed_point_t<12> const&, bn::sprite_shape_size const&, bn::sprite_tiles_ptr&&, bn::sprite_palette_ptr&&)
 .text._ZNK2bn11sprite_item13create_spriteENS_7fixed_tILi12EEES2_
                0x0800aee0       0x44 bn_sprites_manager.o
                0x0800aee0                bn::sprite_item::create_sprite(bn::fixed_t<12>, bn::fixed_t<12>) const
 .text._ZN2bn15sprites_manager15decrease_usagesEPv
                0x0800af24      0x17c bn_sprites_manager.o
                0x0800af24                bn::sprites_manager::decrease_usages(void*)
 .text._ZN2bn10sprite_ptrD2Ev
                0x0800b0a0       0x18 bn_sprites_manager.o
                0x0800b0a0                bn::sprite_ptr::~sprite_ptr()
                0x0800b0a0                bn::sprite_ptr::~sprite_ptr()
 .text._ZN2bn13ostringstreamC2ERNS_12istring_baseE
                0x0800b0b8        0x8 bn_sstream.o
                0x0800b0b8                bn::ostringstream::ostringstream(bn::istring_base&)
                0x0800b0b8                bn::ostringstream::ostringstream(bn::istring_base&)
 .text._ZN2bn13ostringstream6appendEPKc
                0x0800b0c0       0xac bn_sstream.o
                0x0800b0c0                bn::ostringstream::append(char const*)
 .text._ZN2bn13ostringstream6appendEi
                0x0800b16c       0xb0 bn_sstream.o
                0x0800b16c                bn::ostringstream::append(int)
 .text._ZN2bn13ostringstream6appendERKNS_11string_viewE
                0x0800b21c       0xbc bn_sstream.o
                0x0800b21c                bn::ostringstream::append(bn::string_view const&)
 .text._ZN2bn13ostringstream6appendEj
                0x0800b2d8       0xb0 bn_sstream.o
                0x0800b2d8                bn::ostringstream::append(unsigned int)
 .text._ZN2bn13ostringstream6appendEPKv
                0x0800b388       0xec bn_sstream.o
                0x0800b388                bn::ostringstream::append(void const*)
 .text._ZN2bn13ostringstream6appendEc
                0x0800b474       0x48 bn_sstream.o
                0x0800b474                bn::ostringstream::append(char)
 .text._ZN2bn18igeneric_pool_baseC2EPci
                0x0800b4bc       0x10 bn_translation_unit.o
                0x0800b4bc                bn::igeneric_pool_base::igeneric_pool_base(char*, int)
                0x0800b4bc                bn::igeneric_pool_base::igeneric_pool_base(char*, int)
 .text._ZN2bn18igeneric_pool_base5_freeEPc
                0x0800b4cc       0x10 bn_translation_unit.o
                0x0800b4cc                bn::igeneric_pool_base::_free(char*)
 .text._ZN2bn5timerC2Ev
                0x0800b4dc       0x24 bn_translation_unit.o
                0x0800b4dc                bn::timer::timer()
                0x0800b4dc                bn::timer::timer()
 .text._ZNK2bn5timer13elapsed_ticksEv
                0x0800b500       0x2c bn_translation_unit.o
                0x0800b500                bn::timer::elapsed_ticks() const
 .text._ZN2bn5timer7restartEv
                0x0800b52c       0x28 bn_translation_unit.o
                0x0800b52c                bn::timer::restart()
 .text._ZN2bn3logERKNS_12istring_baseE
                0x0800b554       0x58 bn_translation_unit.o
                0x0800b554                bn::log(bn::istring_base const&)
 .text._ZN2bn18igeneric_pool_base9_allocateEv
                0x0800b5ac       0x48 bn_translation_unit.o
                0x0800b5ac                bn::igeneric_pool_base::_allocate()
 .text._ZN2bn2hw5audio12_GLOBAL__N_1L21_maxmod_event_handlerEjj
                0x0800b5f4       0x38 bn_hw_audio.o
 .text._ZN2bn2hw5audio4initEv
                0x0800b62c       0x7c bn_hw_audio.o
                0x0800b62c                bn::hw::audio::init()
 .text._ZN2bn2hw5audio7disableEv
                0x0800b6a8       0x18 bn_hw_audio.o
                0x0800b6a8                bn::hw::audio::disable()
 .text._ZN2bn2hw5audio13update_eventsEb
                0x0800b6c0       0x6c bn_hw_audio.o
                0x0800b6c0                bn::hw::audio::update_events(bool)
 .text._ZN2bn2hw5audio13music_playingEv
                0x0800b72c       0x20 bn_hw_audio.o
                0x0800b72c                bn::hw::audio::music_playing()
 .text._ZN2bn2hw5audio10play_musicEib
                0x0800b74c       0x1c bn_hw_audio.o
                0x0800b74c                bn::hw::audio::play_music(int, bool)
 .text._ZN2bn2hw5audio10stop_musicEv
                0x0800b768       0x18 bn_hw_audio.o
                0x0800b768                bn::hw::audio::stop_music()
 .text._ZN2bn2hw5audio11pause_musicEv
                0x0800b780       0x18 bn_hw_audio.o
                0x0800b780                bn::hw::audio::pause_music()
 .text._ZN2bn2hw5audio12resume_musicEv
                0x0800b798       0x18 bn_hw_audio.o
                0x0800b798                bn::hw::audio::resume_music()
 .text._ZN2bn2hw5audio14jingle_playingEv
                0x0800b7b0       0x20 bn_hw_audio.o
                0x0800b7b0                bn::hw::audio::jingle_playing()
 .text._ZN2bn2hw5audio11play_jingleEi
                0x0800b7d0       0x1c bn_hw_audio.o
                0x0800b7d0                bn::hw::audio::play_jingle(int)
 .text._ZN2bn2hw5audio11stop_jingleEv
                0x0800b7ec       0x18 bn_hw_audio.o
                0x0800b7ec                bn::hw::audio::stop_jingle()
 .text._ZN2bn2hw5audio12pause_jingleEv
                0x0800b804       0x18 bn_hw_audio.o
                0x0800b804                bn::hw::audio::pause_jingle()
 .text._ZN2bn2hw5audio13resume_jingleEv
                0x0800b81c       0x18 bn_hw_audio.o
                0x0800b81c                bn::hw::audio::resume_jingle()
 .text._ZN3_bn6assert9show_argsIA43_cEEvPKcS4_S4_iRKT_
                0x0800b834       0x48 bn_hw_audio.o
                0x0800b834                void _bn::assert::show_args<char [43]>(char const*, char const*, char const*, int, char const (&) [43])
 .text._ZN2bn2hw5audio15set_mixing_rateENS_17audio_mixing_rateE
                0x0800b87c       0xc0 bn_hw_audio.o
                0x0800b87c                bn::hw::audio::set_mixing_rate(bn::audio_mixing_rate)
 .text._ZN2bn2hw5audio15set_sound_speedEtNS_7fixed_tILi12EEES3_
                0x0800b93c       0x74 bn_hw_audio.o
                0x0800b93c                bn::hw::audio::set_sound_speed(unsigned short, bn::fixed_t<12>, bn::fixed_t<12>)
 .text._ZN2bn2hw5audio12_GLOBAL__N_1L19_add_sound_to_queueEit
                0x0800b9b0       0x98 bn_hw_audio.o
 .text._ZN2bn2hw5audio12_GLOBAL__N_1L19_check_sounds_queueEi
                0x0800ba48       0xb0 bn_hw_audio.o
 .text._ZN2bn2hw5audio10play_soundEii
                0x0800baf8       0x44 bn_hw_audio.o
                0x0800baf8                bn::hw::audio::play_sound(int, int)
 .text._ZN2bn2hw5audio10play_soundEiiNS_7fixed_tILi12EEES3_S3_
                0x0800bb3c       0xb8 bn_hw_audio.o
                0x0800bb3c                bn::hw::audio::play_sound(int, int, bn::fixed_t<12>, bn::fixed_t<12>, bn::fixed_t<12>)
 .text._ZN2bn2hw5audio15stop_all_soundsEv
                0x0800bbf4       0x60 bn_hw_audio.o
                0x0800bbf4                bn::hw::audio::stop_all_sounds()
 .text._ZN2bn2hw5audio19update_sounds_queueEv
                0x0800bc54       0x94 bn_hw_audio.o
                0x0800bc54                bn::hw::audio::update_sounds_queue()
 .text._ZN2bn2hw5audio12_GLOBAL__N_1L23_erase_sound_from_queueEt
                0x0800bce8       0x98 bn_hw_audio.o
 .text._ZN2bn2hw5audio10stop_soundEt
                0x0800bd80       0x20 bn_hw_audio.o
                0x0800bd80                bn::hw::audio::stop_sound(unsigned short)
 .text._ZN2bn2hw5audio13release_soundEt
                0x0800bda0       0x20 bn_hw_audio.o
                0x0800bda0                bn::hw::audio::release_sound(unsigned short)
 .text.__libc_init_array
                0x0800bdc0       0x50 bn_hw_common.bn_noflto.o
                0x0800bdc0                __libc_init_array
 .text.__aeabi_atexit
                0x0800be10        0x4 bn_hw_common.bn_noflto.o
                0x0800be10                __aeabi_atexit
 .text._ZN3_bn6assert9show_argsIA40_cEEvPKcS4_S4_iRKT_
                0x0800be14       0x48 bn_hw_common.bn_noflto.o
                0x0800be14                void _bn::assert::show_args<char [40]>(char const*, char const*, char const*, int, char const (&) [40])
 .text.__aeabi_idiv0
                0x0800be5c       0x24 bn_hw_common.bn_noflto.o
                0x0800be5c                __aeabi_idiv0
 .text.free     0x0800be80        0xc bn_hw_cstdlib.o
                0x0800be80                free
 .text._ZN2bn2hw9dmg_audio4initEv
                0x0800be8c       0x18 bn_hw_dmg_audio.o
                0x0800be8c                bn::hw::dmg_audio::init()
 .text._ZN2bn2hw9dmg_audio7disableEv
                0x0800bea4       0x18 bn_hw_dmg_audio.o
                0x0800bea4                bn::hw::dmg_audio::disable()
 .text._ZN2bn2hw9dmg_audio13music_playingEv
                0x0800bebc       0x28 bn_hw_dmg_audio.o
                0x0800bebc                bn::hw::dmg_audio::music_playing()
 .text._ZN2bn2hw9dmg_audio10stop_musicEv
                0x0800bee4       0x24 bn_hw_dmg_audio.o
                0x0800bee4                bn::hw::dmg_audio::stop_music()
 .text._ZN2bn2hw9dmg_audio11pause_musicEv
                0x0800bf08       0x24 bn_hw_dmg_audio.o
                0x0800bf08                bn::hw::dmg_audio::pause_music()
 .text._ZN2bn2hw9dmg_audio12resume_musicEv
                0x0800bf2c       0x24 bn_hw_dmg_audio.o
                0x0800bf2c                bn::hw::dmg_audio::resume_music()
 .text._ZN2bn2hw9dmg_audio14music_positionERiS2_
                0x0800bf50       0x2c bn_hw_dmg_audio.o
                0x0800bf50                bn::hw::dmg_audio::music_position(int&, int&)
 .text._ZN2bn2hw9dmg_audio6commitEv
                0x0800bf7c       0x34 bn_hw_dmg_audio.o
                0x0800bf7c                bn::hw::dmg_audio::commit()
 .text._ZN3_bn6assert9show_argsIA47_ciEEvPKcS4_S4_iRKT_RKT0_
                0x0800bfb0       0x54 bn_hw_dmg_audio.o
                0x0800bfb0                void _bn::assert::show_args<char [47], int>(char const*, char const*, char const*, int, char const (&) [47], int const&)
 .text._ZN2bn2hw9dmg_audio10play_musicEPKvNS_14dmg_music_typeEib
                0x0800c004       0x84 bn_hw_dmg_audio.o
                0x0800c004                bn::hw::dmg_audio::play_music(void const*, bn::dmg_music_type, int, bool)
 .text._ZN2bn2hw9dmg_audio18set_music_positionEii
                0x0800c088       0x4c bn_hw_dmg_audio.o
                0x0800c088                bn::hw::dmg_audio::set_music_position(int, int)
 .text._ZN2bn2hw9dmg_audio16set_music_volumeENS_7fixed_tILi12EEES3_
                0x0800c0d4       0x50 bn_hw_dmg_audio.o
                0x0800c0d4                bn::hw::dmg_audio::set_music_volume(bn::fixed_t<12>, bn::fixed_t<12>)
 .text._ZN3_bn6assert9show_argsIA20_cjEEvPKcS4_S4_iRKT_RKT0_
                0x0800c124       0x54 bn_hw_dmg_audio.o
                0x0800c124                void _bn::assert::show_args<char [20], unsigned int>(char const*, char const*, char const*, int, char const (&) [20], unsigned int const&)
 .text._ZN2bn2hw9dmg_audio19check_commit_resultEv
                0x0800c178       0x38 bn_hw_dmg_audio.o
                0x0800c178                bn::hw::dmg_audio::check_commit_result()
 .text._ZN2bn2hw4gpio4initEv
                0x0800c1b0        0x8 bn_hw_gpio.bn_noflto.o
                0x0800c1b0                bn::hw::gpio::init()
 .text._ZN2bn2hw4link12_GLOBAL__N_1L19_resetStateCallbackEv
                0x0800c1b8       0x4c bn_hw_link.o
 .text._ZN2bn2hw4link4initEv
                0x0800c204      0x100 bn_hw_link.o
                0x0800c204                bn::hw::link::init()
 .text._ZN2bn2hw4link6activeEv
                0x0800c304       0x10 bn_hw_link.o
                0x0800c304                bn::hw::link::active()
 .text._ZN2bn2hw4link7disableEv
                0x0800c314       0x6c bn_hw_link.o
                0x0800c314                bn::hw::link::disable()
 .text._ZN2bn2hw4link6commitEv
                0x0800c380       0x28 bn_hw_link.o
                0x0800c380                bn::hw::link::commit()
 .text._ZN2bn2hw4link11_timer_intrEv
                0x0800c3a8       0xf8 bn_hw_link.o
                0x0800c3a8                bn::hw::link::_timer_intr()
 .text._ZN2bn2hw4link12_serial_intrEv
                0x0800c4a0      0x1d4 bn_hw_link.o
                0x0800c4a0                bn::hw::link::_serial_intr()
 .text._ZN2bn2hw4link12_GLOBAL__N_1L17_sendDataCallbackEv
                0x0800c674       0xd8 bn_hw_link.o
 .text._ZN2bn2hw4link12_GLOBAL__N_1L24_receiveResponseCallbackERKNS_2lc12LinkResponseE
                0x0800c74c      0x148 bn_hw_link.o
 .text._ZN2bn2hw8palettes8contrastEPKNS_5colorEiiPS2_
                0x0800c894       0x18 bn_hw_palettes.o
                0x0800c894                bn::hw::palettes::contrast(bn::color const*, int, int, bn::color*)
 .text._ZN2bn2hw8palettes9intensityEPKNS_5colorEiiPS2_
                0x0800c8ac       0x18 bn_hw_palettes.o
                0x0800c8ac                bn::hw::palettes::intensity(bn::color const*, int, int, bn::color*)
 .text._ZN2bn2hw8palettes9hue_shiftEPKNS_5colorEiiPS2_
                0x0800c8c4      0x14c bn_hw_palettes.o
                0x0800c8c4                bn::hw::palettes::hue_shift(bn::color const*, int, int, bn::color*)
 .text._ZN2bn2hw8palettes6rotateEPKNS_5colorEiiPS2_
                0x0800ca10       0x30 bn_hw_palettes.o
                0x0800ca10                bn::hw::palettes::rotate(bn::color const*, int, int, bn::color*)
 .text._ZN2bn7istring6appendEPKci.isra.0
                0x0800ca40       0xb4 bn_hw_show.o
 .text._ZN2bn2hw4show5errorERKNS_11system_fontERKNS_11string_viewES7_S7_iS7_S7_
                0x0800caf4      0x284 bn_hw_show.o
                0x0800caf4                bn::hw::show::error(bn::system_font const&, bn::string_view const&, bn::string_view const&, bn::string_view const&, int, bn::string_view const&, bn::string_view const&)
 .text._ZN2bn2hw4sram4initEv
                0x0800cd78       0x18 bn_hw_sram.bn_noflto.o
                0x0800cd78                bn::hw::sram::init()
 .text._ZN2bn11system_fontC2Ev
                0x0800cd90       0x18 bn_hw_system_font.o
                0x0800cd90                bn::system_font::system_font()
                0x0800cd90                bn::system_font::system_font()
 .text._ZNK2bn11system_font8tte_fontEv
                0x0800cda8        0x4 bn_hw_system_font.o
                0x0800cda8                bn::system_font::tte_font() const
 .text._ZN2bn2hw4text5parseEjRNS_5arrayIcLi32EEE
                0x0800cdac       0xa0 bn_hw_text.o
                0x0800cdac                bn::hw::text::parse(unsigned int, bn::array<char, 32>&)
 .text._ZN2bn2hw4text5parseEPKvRNS_5arrayIcLi32EEE
                0x0800ce4c       0x30 bn_hw_text.o
                0x0800ce4c                bn::hw::text::parse(void const*, bn::array<char, 32>&)
 .text._ZN2bn2hw4text5parseEiRNS_5arrayIcLi32EEE
                0x0800ce7c       0xbc bn_hw_text.o
                0x0800ce7c                bn::hw::text::parse(int, bn::array<char, 32>&)
 .text._Z7VgmStopv
                0x0800cf38       0xc0 vgm.o
                0x0800cf38                VgmStop()
 .text._Z7VgmPlayPKhb
                0x0800cff8       0x28 vgm.o
                0x0800cff8                VgmPlay(unsigned char const*, bool)
 .text._Z13VgmIntrVblankv
                0x0800d020       0x84 vgm.o
                0x0800d020                VgmIntrVblank()
 .text._Z9VgmActivev
                0x0800d0a4       0x10 vgm.o
                0x0800d0a4                VgmActive()
 .text._Z16VgmGetOffsetPlayv
                0x0800d0b4        0xc vgm.o
                0x0800d0b4                VgmGetOffsetPlay()
 .text._Z16VgmSetOffsetPlayj
                0x0800d0c0       0x10 vgm.o
                0x0800d0c0                VgmSetOffsetPlay(unsigned int)
 .text._Z8VgmPausev
                0x0800d0d0       0x20 vgm.o
                0x0800d0d0                VgmPause()
 .text._Z9VgmResumev
                0x0800d0f0       0x18 vgm.o
                0x0800d0f0                VgmResume()
 .text.clr_grayscale
                0x0800d108       0x7c tonc_color.o
                0x0800d108                clr_grayscale
 .text.sbmp16_rect
                0x0800d184       0x6c tonc_sbmp16.o
                0x0800d184                sbmp16_rect
 .text.bmp16_drawg_b1cts
                0x0800d1f0       0xb8 bmp16_drawg_b1cs.o
                0x0800d1f0                bmp16_drawg_b1cts
 .text.bmp16_erase
                0x0800d2a8       0x24 tte_init_bmp.o
                0x0800d2a8                bmp16_erase
 .text.tte_init_bmp
                0x0800d2cc       0x60 tte_init_bmp.o
                0x0800d2cc                tte_init_bmp
 .text.dummy_drawg
                0x0800d32c        0x4 tte_main.o
                0x0800d32c                dummy_drawg
 .text.dummy_erase
                0x0800d330        0x4 tte_main.o
                0x0800d330                dummy_erase
 .text.tte_init_base
                0x0800d334       0x68 tte_main.o
                0x0800d334                tte_init_base
 .text.utf8_decode_char
                0x0800d39c       0xb8 tte_main.o
                0x0800d39c                utf8_decode_char
 .text.tte_write
                0x0800d454       0xd4 tte_main.o
                0x0800d454                tte_write
 .text.tte_get_text_size
                0x0800d528       0xa0 tte_main.o
                0x0800d528                tte_get_text_size
 .text.tte_set_margins
                0x0800d5c8       0x14 tte_main.o
                0x0800d5c8                tte_set_margins
 .text.IRQ_Init
                0x0800d5dc       0x48 interrupts_gba.o
                0x0800d5dc                IRQ_Init
 .text.IRQ_SetHandler
                0x0800d624        0xc interrupts_gba.o
                0x0800d624                IRQ_SetHandler
 .text.IRQ_Enable
                0x0800d630       0x64 interrupts_gba.o
                0x0800d630                IRQ_Enable
 .text.IRQ_Disable
                0x0800d694       0x60 interrupts_gba.o
                0x0800d694                IRQ_Disable
 .text.mmResetEffects
                0x0800d6f4       0x1c effect.o
                0x0800d6f4                mmResetEffects
 .text.mmEffectEx
                0x0800d710      0x118 effect.o
                0x0800d710                mmEffectEx
 .text.mmEffect
                0x0800d828       0x24 effect.o
                0x0800d828                mmEffect
 .text.mmSetEffectsVolume
                0x0800d84c       0x14 effect.o
                0x0800d84c                mmSetEffectsVolume
 .text.mmEffectPanning
                0x0800d860       0x34 effect.o
                0x0800d860                mmEffectPanning
 .text.mmEffectActive
                0x0800d894       0x2c effect.o
                0x0800d894                mmEffectActive
 .text.mmEffectScaleRate
                0x0800d8c0       0x34 effect.o
                0x0800d8c0                mmEffectScaleRate
 .text.mmEffectCancel
                0x0800d8f4       0x68 effect.o
                0x0800d8f4                mmEffectCancel
 .text.mmEffectRelease
                0x0800d95c       0x5c effect.o
                0x0800d95c                mmEffectRelease
 .text.mmEffectCancelAll
                0x0800d9b8       0x64 effect.o
                0x0800d9b8                mmEffectCancelAll
 .text.mmUpdateEffects
                0x0800da1c       0x90 effect.o
                0x0800da1c                mmUpdateEffects
 .text.mpp_resetchannels
                0x0800daac       0x80 mas.o
 .text.mpph_VolumeSlide.isra.0
                0x0800db2c       0x90 mas.o
 .text.mpph_PitchSlide_Up.isra.0
                0x0800dbbc       0x3c mas.o
 .text.mpp_setposition
                0x0800dbf8       0xb4 mas.o
 .text.mppe_DoVibrato
                0x0800dcac       0x90 mas.o
 .text.mpph_FastForward
                0x0800dd3c       0x80 mas.o
 .text.mppe_glis_backdoor
                0x0800ddbc       0xb4 mas.o
 .text.mmSetEventHandler
                0x0800de70        0xc mas.o
                0x0800de70                mmSetEventHandler
 .text.mmPause  0x0800de7c       0x4c mas.o
                0x0800de7c                mmPause
 .text.mmResume
                0x0800dec8       0x14 mas.o
                0x0800dec8                mmResume
 .text.mmJinglePause
                0x0800dedc       0x54 mas.o
                0x0800dedc                mmJinglePause
 .text.mmJingleResume
                0x0800df30       0x14 mas.o
                0x0800df30                mmJingleResume
 .text.mmActive
                0x0800df44        0xc mas.o
                0x0800df44                mmActive
 .text.mmJingleActive
                0x0800df50        0xc mas.o
                0x0800df50                mmJingleActive
 .text.mmSetModuleVolume
                0x0800df5c       0x14 mas.o
                0x0800df5c                mmSetModuleVolume
 .text.mmSetJingleVolume
                0x0800df70       0x14 mas.o
                0x0800df70                mmSetJingleVolume
 .text.mmStop   0x0800df84       0x34 mas.o
                0x0800df84                mmStop
 .text.mmJingleStop
                0x0800dfb8       0x2c mas.o
                0x0800dfb8                mmJingleStop
 .text.mmGetPosition
                0x0800dfe4        0xc mas.o
                0x0800dfe4                mmGetPosition
 .text.mmSetModuleTempo
                0x0800dff0       0x54 mas.o
                0x0800dff0                mmSetModuleTempo
 .text.mmPlayMAS
                0x0800e044      0x104 mas.o
                0x0800e044                mmPlayMAS
 .text.mmJingleStart
                0x0800e148       0x30 mas.o
                0x0800e148                mmJingleStart
 .text.mmStart  0x0800e178       0x30 mas.o
                0x0800e178                mmStart
 .text.mmSetModulePitch
                0x0800e1a8       0x20 mas.o
                0x0800e1a8                mmSetModulePitch
 .text.mpp_Process_VolumeCommand
                0x0800e1c8      0x378 mas.o
                0x0800e1c8                mpp_Process_VolumeCommand
 .text.mmSetPositionEx
                0x0800e540       0x24 mas.o
                0x0800e540                mmSetPositionEx
 .text.mpp_Process_Effect
                0x0800e564      0x750 mas.o
                0x0800e564                mpp_Process_Effect
 .text.mpp_Update_ACHN_notest
                0x0800ecb4      0x4cc mas.o
                0x0800ecb4                mpp_Update_ACHN_notest
 .text.mppUpdateSub
                0x0800f180       0x64 mas.o
                0x0800f180                mppUpdateSub
 .text.mmUpdateChannel_TN
                0x0800f1e4       0xbc mas_arm.o
                0x0800f1e4                mmUpdateChannel_TN
 .text.mmInit   0x0800f2a0       0xa8 main_gba.o
                0x0800f2a0                mmInit
 .text.mmEnd    0x0800f348       0x2c main_gba.o
                0x0800f348                mmEnd
 .text.mmFrame  0x0800f374       0xa4 main_gba.o
                0x0800f374                mmFrame
 .text.mmGetModuleCount
                0x0800f418        0xc main_gba.o
                0x0800f418                mmGetModuleCount
 .text.mmGetSampleCount
                0x0800f424        0xc main_gba.o
                0x0800f424                mmGetSampleCount
 .text.mmMixerSetPan
                0x0800f430       0x10 mixer.o
                0x0800f430                mmMixerSetPan
 .text.mmMixerMulFreq
                0x0800f440       0x18 mixer.o
                0x0800f440                mmMixerMulFreq
 .text.mmMixerStopChannel
                0x0800f458       0x14 mixer.o
                0x0800f458                mmMixerStopChannel
 .text.mmMixerInit
                0x0800f46c      0x130 mixer.o
                0x0800f46c                mmMixerInit
 .text.mmMixerEnd
                0x0800f59c       0x30 mixer.o
                0x0800f59c                mmMixerEnd
 .text.channel3_refresh_registers
                0x0800f5cc       0xc8 gbt_player.o
 .text.gbt_refresh_pattern_ptr
                0x0800f694       0x80 gbt_player.o
 .text.gbt_ch1234_nop
                0x0800f714        0x4 gbt_player.o
 .text.gbt_ch1234_speed
                0x0800f718       0x10 gbt_player.o
 .text.gbt_ch1234_jump_pattern
                0x0800f728       0x14 gbt_player.o
 .text.gbt_ch1234_jump_position
                0x0800f73c       0x1c gbt_player.o
 .text.gbt_ch1234_event
                0x0800f758       0x24 gbt_player.o
 .text.gbt_ch1_pan
                0x0800f77c       0x10 gbt_player.o
 .text.gbt_ch1_cut_note
                0x0800f78c       0x10 gbt_player.o
 .text.gbt_ch1_arpeggio
                0x0800f79c       0x38 gbt_player.o
 .text.gbt_ch1_vibrato
                0x0800f7d4       0x20 gbt_player.o
 .text.gbt_ch1_volslide
                0x0800f7f4       0x10 gbt_player.o
 .text.gbt_ch2_pan
                0x0800f804       0x10 gbt_player.o
 .text.gbt_ch2_cut_note
                0x0800f814       0x10 gbt_player.o
 .text.gbt_ch2_arpeggio
                0x0800f824       0x38 gbt_player.o
 .text.gbt_ch2_vibrato
                0x0800f85c       0x20 gbt_player.o
 .text.gbt_ch2_volslide
                0x0800f87c       0x10 gbt_player.o
 .text.gbt_ch3_pan
                0x0800f88c       0x10 gbt_player.o
 .text.gbt_ch3_cut_note
                0x0800f89c       0x10 gbt_player.o
 .text.gbt_ch3_arpeggio
                0x0800f8ac       0x38 gbt_player.o
 .text.gbt_ch3_vibrato
                0x0800f8e4       0x20 gbt_player.o
 .text.gbt_ch4_pan
                0x0800f904       0x14 gbt_player.o
 .text.gbt_ch4_cut_note
                0x0800f918       0x10 gbt_player.o
 .text.gbt_ch4_volslide
                0x0800f928       0x10 gbt_player.o
 .text.gbt_update_refresh_panning
                0x0800f938       0x54 gbt_player.o
 .text.gbt_run_startup_commands.part.0
                0x0800f98c       0xc8 gbt_player.o
 .text.gbt_update_effects_internal
                0x0800fa54      0x2cc gbt_player.o
 .text.gbt_play
                0x0800fd20      0x1dc gbt_player.o
                0x0800fd20                gbt_play
 .text.gbt_volume
                0x0800fefc       0x68 gbt_player.o
                0x0800fefc                gbt_volume
 .text.gbt_is_playing
                0x0800ff64        0xc gbt_player.o
                0x0800ff64                gbt_is_playing
 .text.gbt_pause
                0x0800ff70       0x48 gbt_player.o
                0x0800ff70                gbt_pause
 .text.gbt_loop
                0x0800ffb8        0xc gbt_player.o
                0x0800ffb8                gbt_loop
 .text.gbt_stop
                0x0800ffc4       0x24 gbt_player.o
                0x0800ffc4                gbt_stop
 .text.gbt_update
                0x0800ffe8      0x65c gbt_player.o
                0x0800ffe8                gbt_update
 .text.gbt_get_position_unsafe
                0x08010644       0x24 gbt_player.o
                0x08010644                gbt_get_position_unsafe
 .text.gbt_set_position
                0x08010668       0xf0 gbt_player.o
                0x08010668                gbt_set_position
 .text          0x08010758       0x8c tonc_bios.o
                0x08010758                SoftReset
                0x0801075c                RegisterRamReset
                0x08010760                Halt
                0x08010764                Stop
                0x08010768                IntrWait
                0x0801076c                VBlankIntrWait
                0x08010770                Div
                0x08010774                DivArm
                0x08010778                Sqrt
                0x0801077c                ArcTan
                0x08010780                ArcTan2
                0x08010784                CpuSet
                0x08010788                CpuFastSet
                0x0801078c                BiosCheckSum
                0x08010790                BgAffineSet
                0x08010794                ObjAffineSet
                0x08010798                BitUnPack
                0x0801079c                LZ77UnCompWram
                0x080107a0                LZ77UnCompVram
                0x080107a4                HuffUnComp
                0x080107a8                RLUnCompWram
                0x080107ac                RLUnCompVram
                0x080107b0                Diff8bitUnFilterWram
                0x080107b4                Diff8bitUnFilterVram
                0x080107b8                Diff16bitUnFilter
                0x080107bc                SoundBias
                0x080107c0                SoundDriverInit
                0x080107c4                SoundDriverMode
                0x080107c8                SoundDriverMain
                0x080107cc                SoundDriverVSync
                0x080107d0                SoundChannelClear
                0x080107d4                MidiKey2Freq
                0x080107d8                MultiBoot
                0x080107dc                SoundDriverVSyncOff
                0x080107e0                SoundDriverVSyncOn
 .text          0x080107e4       0x3c tonc_memset.o
                0x080107e4                memset16
 .text          0x08010820      0x26c posprintf.o
                0x08010824                posprintf
 *fill*         0x08010a8c        0x4 ff
 .text.__stub   0x08010a90      0x14c linker stubs
 *(.gnu.linkonce.t.*)
 *(.text.*personality*)
 *(.gnu.warning)
 *(.glue_7t)
 .glue_7t       0x08010c40        0x0 linker stubs
 *(.glue_7)
 .glue_7        0x08010c40        0x0 linker stubs
 *(.vfp11_veneer)
 .vfp11_veneer  0x08010c40        0x0 linker stubs
                0x08010c40                        . = ALIGN (0x4)
                0x08010c40                        __text_end = .

.v4_bx          0x08010c40        0x0
 .v4_bx         0x08010c40        0x0 linker stubs

.iplt           0x08010c40        0x0
 .iplt          0x08010c40        0x0 C:/devkitPro/devkitARM/bin/../lib/gcc/arm-none-eabi/15.1.0/../../../../arm-none-eabi/lib/thumb/gba_crt0.o

.fini           0x08010c40        0xc
 *(.fini)
 .fini          0x08010c40        0x4 C:/devkitPro/devkitARM/bin/../lib/gcc/arm-none-eabi/15.1.0/thumb/crti.o
                0x08010c40                _fini
 .fini          0x08010c44        0x8 C:/devkitPro/devkitARM/bin/../lib/gcc/arm-none-eabi/15.1.0/thumb/crtn.o
                0x08010c4c                        . = ALIGN (0x4)

.rodata         0x08010c4c     0x6ca8
 *(.rodata)
 .rodata        0x08010c4c       0xa0 bird_bn_gfx.o
                0x08010c4c                bird_bn_gfxTiles
                0x08010ccc                bird_bn_gfxPal
 .rodata        0x08010cec      0x840 pipe_bn_gfx.o
                0x08010cec                pipe_bn_gfxTiles
                0x080114ec                pipe_bn_gfxPal
 .rodata        0x0801152c      0x840 pipedown_bn_gfx.o
                0x0801152c                pipedown_bn_gfxTiles
                0x08011d2c                pipedown_bn_gfxPal
 .rodata        0x08011d6c     0x1ba0 variable_8x16_font_bn_gfx.o
                0x08011d6c                variable_8x16_font_bn_gfxTiles
                0x080138ec                variable_8x16_font_bn_gfxPal
 .rodata        0x0801390c        0x8 bn_core.o
 .rodata        0x08013914       0x10 bn_sprite_tiles_manager.o
 .rodata        0x08013924        0xa mas.o
 *fill*         0x0801392e        0x2 ff
 .rodata        0x08013930       0x90 gbt_player.o
 .rodata        0x080139c0      0xef8 verdana9.o
                0x080139c0                verdana9Font
                0x080139d8                verdana9Glyphs
                0x080147d8                verdana9Widths
 *all.rodata*(*)
 *(.roda)
 *(.rodata.*)
 .rodata.bn_audio_soundbank_bin
                0x080148b8        0xc bn_audio_soundbank.bin.o
                0x080148b8                bn_audio_soundbank_bin
                0x080148c4                bn_audio_soundbank_bin_end
 .rodata.main.str1.4
                0x080148c4     0x14c1 main.o
                                 0x7e (size before relaxing)
 *fill*         0x08015d85        0x3 ff
 .rodata._ZN6commonL25variable_8x16_sprite_fontE
                0x08015d88       0x34 main.o
 .rodata._ZN6commonL45variable_8x16_sprite_font_utf8_characters_mapE
                0x08015dbc      0x100 main.o
 .rodata._ZN6commonL42variable_8x16_sprite_font_character_widthsE
                0x08015ebc       0x6f main.o
 *fill*         0x08015f2b        0x1 ff
 .rodata._ZN2bn12sprite_items8pipedownE
                0x08015f2c       0x1c main.o
                0x08015f2c                bn::sprite_items::pipedown
 .rodata._ZN2bn12sprite_items4pipeE
                0x08015f48       0x1c main.o
                0x08015f48                bn::sprite_items::pipe
 .rodata._ZN2bn12sprite_items4birdE
                0x08015f64       0x1c main.o
                0x08015f64                bn::sprite_items::bird
 .rodata._ZN2bn13audio_manager10play_musicENS_10music_itemENS_7fixed_tILi12EEEb.str1.4
                0x08015f80       0x51 bn_audio_manager.bn_noflto.o
 .rodata._ZN2bn9dmg_music8positionEv.str1.4
                0x08015f80       0x31 bn_audio_manager.bn_noflto.o
 .rodata._ZN2bn9dmg_music12set_positionEii.str1.4
                0x08015f80       0x76 bn_audio_manager.bn_noflto.o
 .rodata._ZN2bn13audio_manager16execute_commandsEv.str1.4
                0x08015f80       0x5e bn_audio_manager.bn_noflto.o
 .rodata._ZN2bn13audio_manager16execute_commandsEv
                0x08015f80       0x74 bn_audio_manager.bn_noflto.o
 .rodata._ZN2bn18best_fit_allocatorD2Ev.str1.4
                0x08015ff4       0x4b bn_best_fit_allocator.o
 .rodata._ZN2bn18best_fit_allocator5allocEi.str1.4
                0x08015ff4       0x24 bn_best_fit_allocator.o
 .rodata._ZN2bn18best_fit_allocator5resetEPvi.str1.4
                0x08015ff4       0x61 bn_best_fit_allocator.o
 .rodata._ZNK2bn19regular_bg_map_item10decompressENS_4spanItEE.str1.4
                0x08015ff4      0x107 bn_bg_blocks_manager.o
 .rodata._ZN2bn17bg_blocks_manager17regular_map_tilesEi.str1.4
                0x08015ff4       0x32 bn_bg_blocks_manager.o
 .rodata._ZN2bn17bg_blocks_manager14palette_offsetEi.str1.4
                0x08015ff4        0xb bn_bg_blocks_manager.o
 .rodata._ZN2bn18regular_bg_builder11release_mapEv.str1.4
                0x08015ff4       0x36 bn_bgs_manager.o
 .rodata._ZNK2bn18regular_bg_builder11_dimensionsEv.str1.4
                0x08015ff4        0xb bn_bgs_manager.o
 .rodata._ZN2bn11bgs_manager15set_regular_mapEPvONS_18regular_bg_map_ptrE.str1.4
                0x08015ff4       0x52 bn_bgs_manager.o
 .rodata._ZN2bn11bgs_manager37fill_hblank_effect_regular_attributesEPvPKNS_21regular_bg_attributesEPt.str1.4
                0x08015ff4       0x41 bn_bgs_manager.o
 .rodata._ZN2bn11bgs_manager36fill_hblank_effect_affine_attributesEPvPKNS_20affine_bg_attributesEPt.str1.4
                0x08015ff4       0x25 bn_bgs_manager.o
 .rodata._ZN2bn11bgs_manager15rebuild_handlesEv.part.0.str1.4
                0x08015ff4       0x4f bn_bgs_manager.o
 .rodata._ZN2bn11string_viewC2EPKc.str1.4
                0x08015ff4       0x38 bn_core.o
 .rodata.str1.4
                0x08015ff4        0xb bn_core.o
 .rodata._ZN2bn22hblank_effects_manager12_GLOBAL__N_1L10_is_uint32ENS0_12handler_typeE.str1.4
                0x08015ff4       0x42 bn_hblank_effects_manager.o
 .rodata._ZN2bn22hblank_effects_manager12_GLOBAL__N_19item_type12check_updateEv.str1.4
                0x08015ff4      0x155 bn_hblank_effects_manager.o
 .rodata._ZN2bn22hblank_effects_manager12_GLOBAL__N_19item_type12check_updateEv
                0x08015ff4       0xa4 bn_hblank_effects_manager.o
 .rodata._ZN2bn22hblank_effects_manager6updateEv.str1.4
                0x08016098       0x25 bn_hblank_effects_manager.o
 .rodata._ZN2bn22hblank_effects_manager4initEv.str1.4
                0x08016098       0x27 bn_hblank_effects_manager.o
 .rodata._ZN2bn14keypad_manager6updateEv.str1.4
                0x08016098       0x5b bn_keypad_manager.o
 .rodata._ZN2bn14keypad_manager4initERKNS_11string_viewE.str1.4
                0x08016098       0x54 bn_keypad_manager.o
 .rodata._ZNK2bn13palettes_bank10log_statusEv.str1.4
                0x08016098       0x60 bn_palettes_manager.o
 .rodata._ZNK2bn13palettes_bank6colorsEi.str1.4
                0x08016098       0x33 bn_palettes_manager.o
 .rodata._ZN2bn13palettes_bank11colors_hashERKNS_4spanIKNS_5colorEEE.str1.4
                0x08016098       0x53 bn_palettes_manager.o
 .rodata._ZN2bn13palettes_bank12create_bpp_8ERKNS_4spanIKNS_5colorEEENS_16compression_typeEb.str1.4
                0x08016098       0xcb bn_palettes_manager.o
 .rodata._ZN2bn13palettes_bank16set_rotate_countEii.str1.4
                0x08016098       0x4c bn_palettes_manager.o
 .rodata._ZNK2bn13palettes_bank21_apply_global_effectsEiPNS_5colorE.str1.4
                0x08016098       0x27 bn_palettes_manager.o